$ /venv/main/bin/python scripts/generate_data.py --config configs/publishable.yaml --n 1000000 --workers 40 --shard-size 10000 --out /workspace/TransitFlow/results/publishable_runs/mnras_full_20260711_seed_0/data --seed 0 --noise-lib /workspace/TransitFlow/results/publishable_runs/mnras_full_20260711_seed_0/noise_splits/noise_train.npz
generating 1,000,000 light curves (n_global=2001, n_local=201, n_raw=18000) with 40 workers -> /workspace/TransitFlow/results/publishable_runs/mnras_full_20260711_seed_0/data
  shard 1/100 -> shard_00003.npz
  shard 2/100 -> shard_00014.npz
  shard 3/100 -> shard_00013.npz
  shard 4/100 -> shard_00015.npz
  shard 5/100 -> shard_00031.npz
  shard 6/100 -> shard_00028.npz
  shard 7/100 -> shard_00021.npz
  shard 8/100 -> shard_00020.npz
  shard 9/100 -> shard_00036.npz
  shard 10/100 -> shard_00032.npz
  shard 11/100 -> shard_00011.npz
  shard 12/100 -> shard_00007.npz
  shard 13/100 -> shard_00012.npz
  shard 14/100 -> shard_00018.npz
  shard 15/100 -> shard_00033.npz
  shard 16/100 -> shard_00010.npz
  shard 17/100 -> shard_00002.npz
  shard 18/100 -> shard_00006.npz
  shard 19/100 -> shard_00001.npz
  shard 20/100 -> shard_00004.npz
  shard 21/100 -> shard_00023.npz
  shard 22/100 -> shard_00037.npz
  shard 23/100 -> shard_00034.npz
  shard 24/100 -> shard_00008.npz
  shard 25/100 -> shard_00029.npz
  shard 26/100 -> shard_00035.npz
  shard 27/100 -> shard_00000.npz
  shard 28/100 -> shard_00026.npz
  shard 29/100 -> shard_00017.npz
  shard 30/100 -> shard_00009.npz
  shard 31/100 -> shard_00016.npz
  shard 32/100 -> shard_00025.npz
  shard 33/100 -> shard_00038.npz
  shard 34/100 -> shard_00019.npz
  shard 35/100 -> shard_00024.npz
  shard 36/100 -> shard_00022.npz
  shard 37/100 -> shard_00030.npz
  shard 38/100 -> shard_00027.npz
  shard 39/100 -> shard_00039.npz
  shard 40/100 -> shard_00005.npz
  shard 41/100 -> shard_00042.npz
  shard 42/100 -> shard_00049.npz
  shard 43/100 -> shard_00040.npz
  shard 44/100 -> shard_00044.npz
  shard 45/100 -> shard_00043.npz
  shard 46/100 -> shard_00047.npz
  shard 47/100 -> shard_00052.npz
  shard 48/100 -> shard_00053.npz
  shard 49/100 -> shard_00058.npz
  shard 50/100 -> shard_00051.npz
  shard 51/100 -> shard_00041.npz
  shard 52/100 -> shard_00054.npz
  shard 53/100 -> shard_00056.npz
  shard 54/100 -> shard_00067.npz
  shard 55/100 -> shard_00048.npz
  shard 56/100 -> shard_00050.npz
  shard 57/100 -> shard_00066.npz
  shard 58/100 -> shard_00061.npz
  shard 59/100 -> shard_00065.npz
  shard 60/100 -> shard_00059.npz
  shard 61/100 -> shard_00055.npz
  shard 62/100 -> shard_00070.npz
  shard 63/100 -> shard_00046.npz
  shard 64/100 -> shard_00068.npz
  shard 65/100 -> shard_00072.npz
  shard 66/100 -> shard_00060.npz
  shard 67/100 -> shard_00057.npz
  shard 68/100 -> shard_00077.npz
  shard 69/100 -> shard_00069.npz
  shard 70/100 -> shard_00062.npz
  shard 71/100 -> shard_00071.npz
  shard 72/100 -> shard_00064.npz
  shard 73/100 -> shard_00045.npz
  shard 74/100 -> shard_00081.npz
  shard 75/100 -> shard_00074.npz
  shard 76/100 -> shard_00080.npz
  shard 77/100 -> shard_00078.npz
  shard 78/100 -> shard_00073.npz
  shard 79/100 -> shard_00084.npz
  shard 80/100 -> shard_00063.npz
  shard 81/100 -> shard_00082.npz
  shard 82/100 -> shard_00086.npz
  shard 83/100 -> shard_00085.npz
  shard 84/100 -> shard_00087.npz
  shard 85/100 -> shard_00088.npz
  shard 86/100 -> shard_00093.npz
  shard 87/100 -> shard_00079.npz
  shard 88/100 -> shard_00096.npz
  shard 89/100 -> shard_00094.npz
  shard 90/100 -> shard_00097.npz
  shard 91/100 -> shard_00075.npz
  shard 92/100 -> shard_00076.npz
  shard 93/100 -> shard_00091.npz
  shard 94/100 -> shard_00090.npz
  shard 95/100 -> shard_00083.npz
  shard 96/100 -> shard_00099.npz
  shard 97/100 -> shard_00092.npz
  shard 98/100 -> shard_00098.npz
  shard 99/100 -> shard_00089.npz
  shard 100/100 -> shard_00095.npz
generated 1000000 light curves in 100 shards -> /workspace/TransitFlow/results/publishable_runs/mnras_full_20260711_seed_0/data
done in 102.6 min  (162 LC/s)
