
== attempt 1784488607.786140 ==
$ /venv/main/bin/python scripts/train.py --config configs/publishable.yaml --run-dir /workspace/TransitFlow/results/publishable_runs/mnras_seed0_20260719/run --data-dir /workspace/TransitFlow/results/publishable_runs/mnras_seed0_20260719/data --validation-data-dir /workspace/TransitFlow/results/publishable_runs/mnras_seed0_20260719/posterior_validation --detection-data-dir /workspace/TransitFlow/results/publishable_runs/mnras_seed0_20260719/detector_bls_train --detection-validation-data-dir /workspace/TransitFlow/results/publishable_runs/mnras_seed0_20260719/detector_bls_validation --expect-device cuda --no-preflight --seed 0 --noise-lib /workspace/TransitFlow/results/publishable_runs/mnras_seed0_20260719/noise_splits/noise_validation.npz
device=cuda  params=4,176,422  head=fmpe  run_dir=/workspace/TransitFlow/results/publishable_runs/mnras_seed0_20260719/run
step      0/60000 | total 3.1166 | post 2.4059 | det 0.7107 | 0 lc/s | wait 0% | eta 16666666h40m00s
step    100/60000 | total 2.2750 | post 1.8070 | det 0.4680 | 2377 lc/s | wait 6% | eta 1h47m31s
step    200/60000 | total 1.8187 | post 1.4903 | det 0.3283 | 2191 lc/s | wait 5% | eta 1h56m27s
step    300/60000 | total 1.9110 | post 1.6055 | det 0.3054 | 2266 lc/s | wait 5% | eta 1h52m25s
step    400/60000 | total 1.7074 | post 1.3906 | det 0.3169 | 2283 lc/s | wait 5% | eta 1h51m23s
step    500/60000 | total 1.6466 | post 1.3564 | det 0.2902 | 2276 lc/s | wait 5% | eta 1h51m32s
step    600/60000 | total 1.3894 | post 1.1224 | det 0.2670 | 2291 lc/s | wait 5% | eta 1h50m36s
step    700/60000 | total 1.5811 | post 1.2055 | det 0.3756 | 2297 lc/s | wait 5% | eta 1h50m10s
step    800/60000 | total 1.6001 | post 1.3481 | det 0.2520 | 2304 lc/s | wait 6% | eta 1h49m36s
step    900/60000 | total 1.5552 | post 1.2848 | det 0.2704 | 2295 lc/s | wait 6% | eta 1h49m53s
step   1000/60000 | total 1.2822 | post 1.0534 | det 0.2288 | 2226 lc/s | wait 5% | eta 1h53m04s
step   1100/60000 | total 1.3398 | post 0.9851 | det 0.3547 | 2279 lc/s | wait 5% | eta 1h50m16s
step   1200/60000 | total 1.2449 | post 1.0167 | det 0.2282 | 2280 lc/s | wait 5% | eta 1h50m01s
step   1300/60000 | total 1.3667 | post 1.1356 | det 0.2311 | 2276 lc/s | wait 5% | eta 1h50m01s
step   1400/60000 | total 1.2544 | post 0.9744 | det 0.2800 | 2277 lc/s | wait 5% | eta 1h49m49s
step   1500/60000 | total 1.2311 | post 0.9902 | det 0.2408 | 2166 lc/s | wait 5% | eta 1h55m13s
step   1600/60000 | total 1.4032 | post 1.1271 | det 0.2761 | 2260 lc/s | wait 5% | eta 1h50m14s
step   1700/60000 | total 1.4041 | post 1.1639 | det 0.2401 | 2252 lc/s | wait 5% | eta 1h50m27s
step   1800/60000 | total 1.4516 | post 1.2158 | det 0.2357 | 2256 lc/s | wait 5% | eta 1h50m03s
step   1900/60000 | total 1.1150 | post 0.8903 | det 0.2247 | 2231 lc/s | wait 5% | eta 1h51m06s
  [val] post 1.1257 det 0.2843 acc 0.845 auc 0.941
step   2000/60000 | total 1.1452 | post 0.8940 | det 0.2512 | 1696 lc/s | wait 4% | eta 2h25m56s
step   2100/60000 | total 1.4343 | post 1.1698 | det 0.2646 | 2243 lc/s | wait 5% | eta 1h50m08s
step   2200/60000 | total 1.3017 | post 1.1052 | det 0.1965 | 2246 lc/s | wait 5% | eta 1h49m47s
step   2300/60000 | total 1.0941 | post 0.8622 | det 0.2319 | 2234 lc/s | wait 5% | eta 1h50m11s
step   2400/60000 | total 1.3148 | post 1.0766 | det 0.2382 | 2152 lc/s | wait 5% | eta 1h54m11s
step   2500/60000 | total 1.3046 | post 1.0711 | det 0.2334 | 2232 lc/s | wait 5% | eta 1h49m55s
step   2600/60000 | total 1.1492 | post 0.9704 | det 0.1787 | 2231 lc/s | wait 5% | eta 1h49m46s
step   2700/60000 | total 1.4562 | post 1.2066 | det 0.2495 | 2226 lc/s | wait 5% | eta 1h49m49s
step   2800/60000 | total 1.2688 | post 1.0220 | det 0.2469 | 2215 lc/s | wait 6% | eta 1h50m12s
step   2900/60000 | total 1.2032 | post 0.9562 | det 0.2470 | 2130 lc/s | wait 5% | eta 1h54m22s
step   3000/60000 | total 1.4510 | post 1.1774 | det 0.2735 | 2210 lc/s | wait 5% | eta 1h50m03s
step   3100/60000 | total 1.4913 | post 1.2547 | det 0.2367 | 2216 lc/s | wait 5% | eta 1h49m31s
step   3200/60000 | total 1.3655 | post 1.1492 | det 0.2163 | 2164 lc/s | wait 5% | eta 1h51m59s
step   3300/60000 | total 1.1407 | post 0.9434 | det 0.1973 | 2200 lc/s | wait 5% | eta 1h49m56s
step   3400/60000 | total 1.2857 | post 0.9622 | det 0.3235 | 2097 lc/s | wait 5% | eta 1h55m08s
step   3500/60000 | total 1.2587 | post 1.0270 | det 0.2318 | 2227 lc/s | wait 5% | eta 1h48m14s
step   3600/60000 | total 1.1336 | post 0.8674 | det 0.2662 | 2187 lc/s | wait 5% | eta 1h50m02s
step   3700/60000 | total 1.3125 | post 1.0874 | det 0.2252 | 2193 lc/s | wait 5% | eta 1h49m32s
step   3800/60000 | total 1.5351 | post 1.3120 | det 0.2231 | 2194 lc/s | wait 5% | eta 1h49m16s
step   3900/60000 | total 1.3210 | post 1.0755 | det 0.2455 | 2194 lc/s | wait 5% | eta 1h49m05s
  [val] post 1.0214 det 0.2728 acc 0.860 auc 0.946
step   4000/60000 | total 1.3270 | post 1.1173 | det 0.2097 | 2000 lc/s | wait 5% | eta 1h59m28s
step   4100/60000 | total 1.2238 | post 1.0024 | det 0.2214 | 2186 lc/s | wait 5% | eta 1h49m05s
step   4200/60000 | total 1.2719 | post 1.0433 | det 0.2286 | 2181 lc/s | wait 5% | eta 1h49m08s
step   4300/60000 | total 1.2936 | post 1.0715 | det 0.2221 | 2180 lc/s | wait 5% | eta 1h48m59s
step   4400/60000 | total 1.4400 | post 1.1920 | det 0.2480 | 2181 lc/s | wait 5% | eta 1h48m45s
step   4500/60000 | total 1.4346 | post 1.1892 | det 0.2454 | 2181 lc/s | wait 5% | eta 1h48m34s
step   4600/60000 | total 1.2018 | post 0.9969 | det 0.2049 | 2187 lc/s | wait 5% | eta 1h48m04s
step   4700/60000 | total 1.2814 | post 0.9702 | det 0.3112 | 2182 lc/s | wait 5% | eta 1h48m08s
step   4800/60000 | total 1.2873 | post 1.0107 | det 0.2765 | 2160 lc/s | wait 5% | eta 1h49m02s
step   4900/60000 | total 1.2285 | post 0.9481 | det 0.2804 | 2163 lc/s | wait 5% | eta 1h48m40s
step   5000/60000 | total 1.1741 | post 0.9705 | det 0.2036 | 2153 lc/s | wait 5% | eta 1h48m58s
step   5100/60000 | total 1.0635 | post 0.8756 | det 0.1879 | 2151 lc/s | wait 5% | eta 1h48m55s
step   5200/60000 | total 1.3152 | post 1.0708 | det 0.2444 | 2144 lc/s | wait 5% | eta 1h49m03s
step   5300/60000 | total 1.2043 | post 0.9591 | det 0.2452 | 2157 lc/s | wait 5% | eta 1h48m13s
step   5400/60000 | total 1.2396 | post 0.9947 | det 0.2450 | 2105 lc/s | wait 5% | eta 1h50m39s
step   5500/60000 | total 1.3192 | post 1.1165 | det 0.2027 | 2111 lc/s | wait 5% | eta 1h50m09s
step   5600/60000 | total 1.1803 | post 0.9479 | det 0.2324 | 2155 lc/s | wait 5% | eta 1h47m41s
step   5700/60000 | total 1.2108 | post 1.0147 | det 0.1961 | 2155 lc/s | wait 5% | eta 1h47m30s
step   5800/60000 | total 1.1853 | post 0.9547 | det 0.2306 | 2144 lc/s | wait 5% | eta 1h47m50s
step   5900/60000 | total 1.2419 | post 1.0454 | det 0.1964 | 2146 lc/s | wait 5% | eta 1h47m34s
  [val] post 0.9932 det 0.3404 acc 0.853 auc 0.945
step   6000/60000 | total 1.2747 | post 1.0595 | det 0.2151 | 1969 lc/s | wait 5% | eta 1h57m01s
step   6100/60000 | total 0.9082 | post 0.7060 | det 0.2022 | 2145 lc/s | wait 5% | eta 1h47m14s
step   6200/60000 | total 1.2798 | post 1.1257 | det 0.1540 | 2134 lc/s | wait 5% | eta 1h47m34s
step   6300/60000 | total 1.3185 | post 1.1343 | det 0.1843 | 2134 lc/s | wait 5% | eta 1h47m20s
step   6400/60000 | total 1.2613 | post 1.0419 | det 0.2194 | 2134 lc/s | wait 5% | eta 1h47m08s
step   6500/60000 | total 1.1843 | post 0.9541 | det 0.2301 | 2133 lc/s | wait 5% | eta 1h46m59s
step   6600/60000 | total 1.2721 | post 0.9996 | det 0.2726 | 2134 lc/s | wait 5% | eta 1h46m45s
step   6700/60000 | total 1.2139 | post 1.0263 | det 0.1876 | 2130 lc/s | wait 5% | eta 1h46m45s
step   6800/60000 | total 1.1626 | post 0.9705 | det 0.1920 | 2134 lc/s | wait 5% | eta 1h46m22s
step   6900/60000 | total 1.3662 | post 1.1352 | det 0.2309 | 2134 lc/s | wait 5% | eta 1h46m09s
step   7000/60000 | total 1.1947 | post 0.9708 | det 0.2240 | 2133 lc/s | wait 5% | eta 1h45m59s
step   7100/60000 | total 1.0757 | post 0.8545 | det 0.2212 | 2134 lc/s | wait 5% | eta 1h45m46s
step   7200/60000 | total 1.0900 | post 0.8456 | det 0.2444 | 2135 lc/s | wait 5% | eta 1h45m32s
step   7300/60000 | total 1.1393 | post 0.9562 | det 0.1831 | 2134 lc/s | wait 5% | eta 1h45m21s
step   7400/60000 | total 1.2272 | post 1.0170 | det 0.2103 | 2133 lc/s | wait 5% | eta 1h45m13s
step   7500/60000 | total 1.2242 | post 1.0292 | det 0.1950 | 2131 lc/s | wait 5% | eta 1h45m06s
step   7600/60000 | total 1.2994 | post 1.0987 | det 0.2007 | 2134 lc/s | wait 5% | eta 1h44m45s
step   7700/60000 | total 1.2662 | post 1.0995 | det 0.1667 | 2130 lc/s | wait 5% | eta 1h44m47s
step   7800/60000 | total 1.0975 | post 0.9135 | det 0.1840 | 2124 lc/s | wait 5% | eta 1h44m52s
step   7900/60000 | total 1.0185 | post 0.8123 | det 0.2063 | 2131 lc/s | wait 5% | eta 1h44m20s
  [val] post 0.9318 det 0.4439 acc 0.829 auc 0.940
step   8000/60000 | total 1.0453 | post 0.8316 | det 0.2137 | 1956 lc/s | wait 4% | eta 1h53m25s
step   8100/60000 | total 1.2483 | post 1.0382 | det 0.2101 | 2062 lc/s | wait 5% | eta 1h47m24s
step   8200/60000 | total 1.1971 | post 0.9943 | det 0.2028 | 2133 lc/s | wait 5% | eta 1h43m36s
step   8300/60000 | total 1.0663 | post 0.8628 | det 0.2034 | 2135 lc/s | wait 5% | eta 1h43m19s
step   8400/60000 | total 1.0213 | post 0.8285 | det 0.1927 | 2123 lc/s | wait 5% | eta 1h43m41s
step   8500/60000 | total 1.2039 | post 0.9900 | det 0.2139 | 2136 lc/s | wait 5% | eta 1h42m53s
step   8600/60000 | total 1.1687 | post 0.9870 | det 0.1817 | 2125 lc/s | wait 5% | eta 1h43m11s
step   8700/60000 | total 1.0495 | post 0.8261 | det 0.2234 | 2126 lc/s | wait 5% | eta 1h42m55s
step   8800/60000 | total 1.2504 | post 1.0402 | det 0.2103 | 2118 lc/s | wait 5% | eta 1h43m08s
step   8900/60000 | total 1.2219 | post 0.9697 | det 0.2522 | 2031 lc/s | wait 4% | eta 1h47m20s
step   9000/60000 | total 1.1168 | post 0.9663 | det 0.1505 | 2124 lc/s | wait 5% | eta 1h42m27s
step   9100/60000 | total 1.1457 | post 0.9895 | det 0.1562 | 2134 lc/s | wait 5% | eta 1h41m46s
step   9200/60000 | total 1.3287 | post 1.1200 | det 0.2087 | 1977 lc/s | wait 5% | eta 1h49m36s
step   9300/60000 | total 1.0709 | post 0.8453 | det 0.2256 | 2097 lc/s | wait 5% | eta 1h43m10s
step   9400/60000 | total 1.2974 | post 1.0811 | det 0.2163 | 2134 lc/s | wait 5% | eta 1h41m09s
step   9500/60000 | total 1.3083 | post 1.0981 | det 0.2102 | 2134 lc/s | wait 5% | eta 1h40m58s
step   9600/60000 | total 1.3486 | post 1.1403 | det 0.2083 | 2134 lc/s | wait 5% | eta 1h40m45s
step   9700/60000 | total 1.0672 | post 0.8402 | det 0.2270 | 2134 lc/s | wait 5% | eta 1h40m34s
step   9800/60000 | total 1.3773 | post 1.1657 | det 0.2116 | 2130 lc/s | wait 5% | eta 1h40m32s
step   9900/60000 | total 1.0807 | post 0.9034 | det 0.1773 | 2134 lc/s | wait 5% | eta 1h40m10s
  [val] post 0.9718 det 0.4193 acc 0.838 auc 0.940
step  10000/60000 | total 1.1237 | post 0.8781 | det 0.2456 | 1980 lc/s | wait 4% | eta 1h47m46s
step  10100/60000 | total 1.3410 | post 1.1336 | det 0.2074 | 2032 lc/s | wait 5% | eta 1h44m47s
step  10200/60000 | total 1.2387 | post 1.0219 | det 0.2169 | 2148 lc/s | wait 5% | eta 1h38m55s
step  10300/60000 | total 0.9940 | post 0.7963 | det 0.1977 | 2099 lc/s | wait 5% | eta 1h41m01s
step  10400/60000 | total 1.1319 | post 0.9716 | det 0.1604 | 2155 lc/s | wait 5% | eta 1h38m13s
step  10500/60000 | total 1.2633 | post 1.0236 | det 0.2398 | 2147 lc/s | wait 5% | eta 1h38m23s
step  10600/60000 | total 1.0694 | post 0.8580 | det 0.2115 | 2134 lc/s | wait 5% | eta 1h38m45s
step  10700/60000 | total 1.2186 | post 0.9749 | det 0.2438 | 2134 lc/s | wait 5% | eta 1h38m34s
step  10800/60000 | total 1.2034 | post 1.0242 | det 0.1792 | 2134 lc/s | wait 5% | eta 1h38m22s
step  10900/60000 | total 1.1293 | post 0.9486 | det 0.1807 | 2139 lc/s | wait 5% | eta 1h37m56s
step  11000/60000 | total 1.1676 | post 0.9669 | det 0.2007 | 2147 lc/s | wait 5% | eta 1h37m22s
step  11100/60000 | total 1.1289 | post 0.9221 | det 0.2068 | 2134 lc/s | wait 5% | eta 1h37m45s
step  11200/60000 | total 1.2524 | post 0.9618 | det 0.2906 | 2134 lc/s | wait 5% | eta 1h37m34s
step  11300/60000 | total 1.0011 | post 0.7799 | det 0.2212 | 2134 lc/s | wait 5% | eta 1h37m21s
step  11400/60000 | total 1.1005 | post 0.8181 | det 0.2824 | 2134 lc/s | wait 5% | eta 1h37m09s
step  11500/60000 | total 1.2491 | post 1.0292 | det 0.2200 | 2134 lc/s | wait 5% | eta 1h36m59s
step  11600/60000 | total 1.1810 | post 0.9539 | det 0.2271 | 2103 lc/s | wait 5% | eta 1h38m11s
step  11700/60000 | total 1.0433 | post 0.7792 | det 0.2641 | 2154 lc/s | wait 5% | eta 1h35m40s
step  11800/60000 | total 1.2580 | post 1.0480 | det 0.2100 | 2134 lc/s | wait 5% | eta 1h36m22s
step  11900/60000 | total 1.1233 | post 0.9206 | det 0.2027 | 2134 lc/s | wait 5% | eta 1h36m10s
  [val] post 0.9613 det 0.6918 acc 0.816 auc 0.942
step  12000/60000 | total 1.4281 | post 1.1930 | det 0.2351 | 1976 lc/s | wait 4% | eta 1h43m39s
step  12100/60000 | total 0.9710 | post 0.7799 | det 0.1911 | 2044 lc/s | wait 5% | eta 1h40m00s
step  12200/60000 | total 1.2501 | post 1.0156 | det 0.2344 | 2141 lc/s | wait 5% | eta 1h35m15s
step  12300/60000 | total 1.3049 | post 1.0772 | det 0.2277 | 2116 lc/s | wait 5% | eta 1h36m11s
step  12400/60000 | total 1.0704 | post 0.8736 | det 0.1969 | 2004 lc/s | wait 5% | eta 1h41m20s
step  12500/60000 | total 0.9714 | post 0.7862 | det 0.1852 | 2134 lc/s | wait 5% | eta 1h34m58s
step  12600/60000 | total 1.0930 | post 0.8861 | det 0.2069 | 2134 lc/s | wait 5% | eta 1h34m46s
step  12700/60000 | total 1.0673 | post 0.8961 | det 0.1712 | 2134 lc/s | wait 5% | eta 1h34m34s
step  12800/60000 | total 1.1473 | post 0.9623 | det 0.1850 | 2115 lc/s | wait 5% | eta 1h35m11s
step  12900/60000 | total 1.1982 | post 0.9987 | det 0.1996 | 2131 lc/s | wait 5% | eta 1h34m19s
step  13000/60000 | total 0.9368 | post 0.7625 | det 0.1743 | 2130 lc/s | wait 5% | eta 1h34m07s
step  13100/60000 | total 1.2251 | post 1.0277 | det 0.1974 | 2130 lc/s | wait 5% | eta 1h33m55s
step  13200/60000 | total 1.1587 | post 0.9438 | det 0.2149 | 2120 lc/s | wait 5% | eta 1h34m12s
step  13300/60000 | total 1.3268 | post 1.1373 | det 0.1894 | 2131 lc/s | wait 5% | eta 1h33m30s
step  13400/60000 | total 1.1571 | post 0.9723 | det 0.1848 | 2134 lc/s | wait 5% | eta 1h33m10s
step  13500/60000 | total 0.9022 | post 0.7111 | det 0.1911 | 2131 lc/s | wait 5% | eta 1h33m06s
step  13600/60000 | total 1.1316 | post 0.9363 | det 0.1954 | 2134 lc/s | wait 5% | eta 1h32m46s
step  13700/60000 | total 1.2874 | post 1.1075 | det 0.1798 | 2139 lc/s | wait 5% | eta 1h32m21s
step  13800/60000 | total 1.3147 | post 1.0523 | det 0.2625 | 2131 lc/s | wait 5% | eta 1h32m31s
step  13900/60000 | total 1.0690 | post 0.9067 | det 0.1623 | 2144 lc/s | wait 5% | eta 1h31m44s
  [val] post 0.9462 det 0.5979 acc 0.827 auc 0.933
step  14000/60000 | total 1.1762 | post 0.9741 | det 0.2021 | 1979 lc/s | wait 5% | eta 1h39m11s
step  14100/60000 | total 1.1292 | post 0.9582 | det 0.1710 | 2109 lc/s | wait 5% | eta 1h32m50s
step  14200/60000 | total 1.3232 | post 1.1269 | det 0.1964 | 2172 lc/s | wait 5% | eta 1h29m57s
step  14300/60000 | total 0.9428 | post 0.7311 | det 0.2117 | 2152 lc/s | wait 5% | eta 1h30m37s
step  14400/60000 | total 0.8916 | post 0.7116 | det 0.1800 | 2155 lc/s | wait 5% | eta 1h30m17s
step  14500/60000 | total 1.0904 | post 0.8977 | det 0.1927 | 2159 lc/s | wait 5% | eta 1h29m53s
step  14600/60000 | total 1.2118 | post 0.9859 | det 0.2259 | 2162 lc/s | wait 5% | eta 1h29m34s
step  14700/60000 | total 0.9810 | post 0.7897 | det 0.1913 | 2159 lc/s | wait 5% | eta 1h29m31s
step  14800/60000 | total 1.1296 | post 0.9393 | det 0.1903 | 2158 lc/s | wait 5% | eta 1h29m21s
step  14900/60000 | total 0.9630 | post 0.7723 | det 0.1907 | 2161 lc/s | wait 5% | eta 1h29m03s
step  15000/60000 | total 0.9778 | post 0.8172 | det 0.1605 | 2151 lc/s | wait 5% | eta 1h29m16s
step  15100/60000 | total 1.1795 | post 0.9384 | det 0.2411 | 2178 lc/s | wait 5% | eta 1h27m57s
step  15200/60000 | total 0.9609 | post 0.7399 | det 0.2211 | 2157 lc/s | wait 5% | eta 1h28m37s
step  15300/60000 | total 1.0915 | post 0.8865 | det 0.2050 | 2115 lc/s | wait 5% | eta 1h30m11s
step  15400/60000 | total 1.0728 | post 0.9295 | det 0.1434 | 2119 lc/s | wait 5% | eta 1h29m47s
step  15500/60000 | total 1.0033 | post 0.8050 | det 0.1982 | 2159 lc/s | wait 5% | eta 1h27m56s
step  15600/60000 | total 1.2211 | post 1.0182 | det 0.2028 | 2185 lc/s | wait 5% | eta 1h26m42s
step  15700/60000 | total 1.0858 | post 0.9035 | det 0.1824 | 2177 lc/s | wait 5% | eta 1h26m49s
step  15800/60000 | total 1.2476 | post 1.0376 | det 0.2100 | 2166 lc/s | wait 5% | eta 1h27m04s
step  15900/60000 | total 1.1004 | post 0.8984 | det 0.2020 | 2170 lc/s | wait 5% | eta 1h26m41s
  [val] post 0.8450 det 0.5270 acc 0.840 auc 0.943
step  16000/60000 | total 1.0453 | post 0.8172 | det 0.2281 | 1990 lc/s | wait 4% | eta 1h34m19s
step  16100/60000 | total 0.9181 | post 0.7472 | det 0.1710 | 2179 lc/s | wait 5% | eta 1h25m57s
step  16200/60000 | total 1.0880 | post 0.9244 | det 0.1636 | 2197 lc/s | wait 5% | eta 1h25m04s
step  16300/60000 | total 1.1448 | post 0.9137 | det 0.2311 | 2191 lc/s | wait 5% | eta 1h25m04s
step  16400/60000 | total 1.1529 | post 0.9134 | det 0.2395 | 2195 lc/s | wait 5% | eta 1h24m44s
step  16500/60000 | total 0.9830 | post 0.7976 | det 0.1854 | 2194 lc/s | wait 5% | eta 1h24m36s
step  16600/60000 | total 1.1440 | post 0.9519 | det 0.1921 | 2192 lc/s | wait 5% | eta 1h24m27s
step  16700/60000 | total 0.9638 | post 0.7293 | det 0.2345 | 2196 lc/s | wait 5% | eta 1h24m07s
step  16800/60000 | total 1.0582 | post 0.8858 | det 0.1724 | 2200 lc/s | wait 5% | eta 1h23m46s
step  16900/60000 | total 1.1181 | post 0.9425 | det 0.1756 | 2199 lc/s | wait 5% | eta 1h23m37s
step  17000/60000 | total 0.9586 | post 0.7771 | det 0.1815 | 2195 lc/s | wait 5% | eta 1h23m35s
step  17100/60000 | total 0.9364 | post 0.7731 | det 0.1633 | 2187 lc/s | wait 5% | eta 1h23m40s
step  17200/60000 | total 1.0834 | post 0.8577 | det 0.2257 | 2170 lc/s | wait 5% | eta 1h24m09s
step  17300/60000 | total 1.0694 | post 0.8600 | det 0.2094 | 2196 lc/s | wait 5% | eta 1h22m56s
step  17400/60000 | total 1.3071 | post 1.1290 | det 0.1781 | 2200 lc/s | wait 5% | eta 1h22m36s
step  17500/60000 | total 1.3139 | post 1.1117 | det 0.2021 | 2202 lc/s | wait 5% | eta 1h22m21s
step  17600/60000 | total 1.0972 | post 0.9287 | det 0.1685 | 2189 lc/s | wait 5% | eta 1h22m39s
step  17700/60000 | total 0.8975 | post 0.7024 | det 0.1951 | 2190 lc/s | wait 5% | eta 1h22m23s
step  17800/60000 | total 0.9128 | post 0.7377 | det 0.1751 | 2197 lc/s | wait 5% | eta 1h21m58s
step  17900/60000 | total 1.1443 | post 0.9614 | det 0.1829 | 2196 lc/s | wait 5% | eta 1h21m48s
  [val] post 0.9039 det 0.6459 acc 0.823 auc 0.936
step  18000/60000 | total 1.1043 | post 0.9118 | det 0.1925 | 2007 lc/s | wait 5% | eta 1h29m17s
step  18100/60000 | total 1.1004 | post 0.9059 | det 0.1944 | 2139 lc/s | wait 5% | eta 1h23m35s
step  18200/60000 | total 1.0276 | post 0.8391 | det 0.1884 | 2188 lc/s | wait 5% | eta 1h21m30s
step  18300/60000 | total 0.9320 | post 0.7815 | det 0.1505 | 2185 lc/s | wait 5% | eta 1h21m25s
step  18400/60000 | total 1.2414 | post 1.0542 | det 0.1872 | 2185 lc/s | wait 5% | eta 1h21m12s
step  18500/60000 | total 1.1619 | post 0.9560 | det 0.2059 | 2180 lc/s | wait 5% | eta 1h21m14s
step  18600/60000 | total 1.0533 | post 0.8364 | det 0.2169 | 2153 lc/s | wait 5% | eta 1h22m03s
step  18700/60000 | total 1.1742 | post 1.0313 | det 0.1429 | 2044 lc/s | wait 5% | eta 1h26m12s
step  18800/60000 | total 1.0690 | post 0.8734 | det 0.1956 | 2178 lc/s | wait 5% | eta 1h20m41s
step  18900/60000 | total 0.9718 | post 0.7852 | det 0.1867 | 2187 lc/s | wait 5% | eta 1h20m11s
step  19000/60000 | total 1.0094 | post 0.7988 | det 0.2105 | 2188 lc/s | wait 5% | eta 1h19m56s
step  19100/60000 | total 0.8969 | post 0.6858 | det 0.2111 | 2127 lc/s | wait 5% | eta 1h22m02s
step  19200/60000 | total 1.0493 | post 0.8616 | det 0.1877 | 2185 lc/s | wait 5% | eta 1h19m40s
step  19300/60000 | total 1.1656 | post 0.9931 | det 0.1724 | 2159 lc/s | wait 5% | eta 1h20m25s
step  19400/60000 | total 1.0370 | post 0.8493 | det 0.1877 | 2141 lc/s | wait 5% | eta 1h20m55s
step  19500/60000 | total 1.0614 | post 0.8854 | det 0.1760 | 2180 lc/s | wait 5% | eta 1h19m15s
step  19600/60000 | total 1.0732 | post 0.8728 | det 0.2003 | 2168 lc/s | wait 5% | eta 1h19m31s
step  19700/60000 | total 1.1227 | post 0.9331 | det 0.1895 | 2157 lc/s | wait 5% | eta 1h19m43s
step  19800/60000 | total 1.1909 | post 1.0141 | det 0.1768 | 2154 lc/s | wait 5% | eta 1h19m38s
step  19900/60000 | total 1.1367 | post 0.9651 | det 0.1716 | 2143 lc/s | wait 5% | eta 1h19m49s
  [val] post 0.8387 det 0.7442 acc 0.815 auc 0.936
step  20000/60000 | total 1.1984 | post 1.0163 | det 0.1821 | 1969 lc/s | wait 4% | eta 1h26m41s
step  20100/60000 | total 0.9856 | post 0.8249 | det 0.1607 | 2151 lc/s | wait 5% | eta 1h19m07s
step  20200/60000 | total 1.0147 | post 0.8591 | det 0.1556 | 2108 lc/s | wait 5% | eta 1h20m33s
step  20300/60000 | total 1.0523 | post 0.8430 | det 0.2092 | 2160 lc/s | wait 5% | eta 1h18m24s
step  20400/60000 | total 1.1219 | post 0.9242 | det 0.1977 | 2075 lc/s | wait 5% | eta 1h21m24s
step  20500/60000 | total 1.1107 | post 0.9450 | det 0.1657 | 2138 lc/s | wait 5% | eta 1h18m49s
step  20600/60000 | total 1.1786 | post 0.9409 | det 0.2377 | 2134 lc/s | wait 5% | eta 1h18m46s
step  20700/60000 | total 0.9527 | post 0.7780 | det 0.1748 | 2134 lc/s | wait 5% | eta 1h18m34s
step  20800/60000 | total 1.1351 | post 0.9424 | det 0.1927 | 2134 lc/s | wait 5% | eta 1h18m22s
step  20900/60000 | total 0.9582 | post 0.8252 | det 0.1330 | 2134 lc/s | wait 5% | eta 1h18m10s
step  21000/60000 | total 1.0630 | post 0.8734 | det 0.1896 | 2134 lc/s | wait 5% | eta 1h17m58s
step  21100/60000 | total 1.0415 | post 0.8653 | det 0.1763 | 2134 lc/s | wait 5% | eta 1h17m46s
step  21200/60000 | total 1.1015 | post 0.8975 | det 0.2040 | 2134 lc/s | wait 5% | eta 1h17m34s
step  21300/60000 | total 1.1804 | post 0.9206 | det 0.2598 | 2134 lc/s | wait 5% | eta 1h17m22s
step  21400/60000 | total 1.0259 | post 0.8512 | det 0.1747 | 2134 lc/s | wait 5% | eta 1h17m10s
step  21500/60000 | total 1.0164 | post 0.8361 | det 0.1803 | 2133 lc/s | wait 5% | eta 1h17m00s
step  21600/60000 | total 1.1770 | post 0.9668 | det 0.2102 | 2135 lc/s | wait 5% | eta 1h16m44s
step  21700/60000 | total 0.9177 | post 0.7251 | det 0.1926 | 2134 lc/s | wait 5% | eta 1h16m34s
step  21800/60000 | total 1.0379 | post 0.8820 | det 0.1560 | 2134 lc/s | wait 5% | eta 1h16m22s
step  21900/60000 | total 1.1835 | post 1.0102 | det 0.1733 | 2127 lc/s | wait 5% | eta 1h16m25s
  [val] post 0.8836 det 0.6797 acc 0.809 auc 0.934
step  22000/60000 | total 1.0438 | post 0.8923 | det 0.1515 | 1980 lc/s | wait 5% | eta 1h21m52s
step  22100/60000 | total 1.1430 | post 0.8896 | det 0.2534 | 2122 lc/s | wait 5% | eta 1h16m13s
step  22200/60000 | total 0.9762 | post 0.7840 | det 0.1922 | 2112 lc/s | wait 5% | eta 1h16m22s
step  22300/60000 | total 1.0977 | post 0.9625 | det 0.1352 | 2089 lc/s | wait 5% | eta 1h17m00s
step  22400/60000 | total 1.2216 | post 1.0716 | det 0.1500 | 2050 lc/s | wait 5% | eta 1h18m14s
step  22500/60000 | total 1.2368 | post 1.0334 | det 0.2034 | 2149 lc/s | wait 5% | eta 1h14m26s
step  22600/60000 | total 1.2209 | post 1.0574 | det 0.1635 | 2123 lc/s | wait 5% | eta 1h15m10s
step  22700/60000 | total 1.1486 | post 0.9162 | det 0.2324 | 2125 lc/s | wait 5% | eta 1h14m52s
step  22800/60000 | total 0.9863 | post 0.7931 | det 0.1932 | 2116 lc/s | wait 5% | eta 1h14m59s
step  22900/60000 | total 1.0605 | post 0.8797 | det 0.1808 | 2130 lc/s | wait 5% | eta 1h14m18s
step  23000/60000 | total 1.1475 | post 0.9752 | det 0.1723 | 2117 lc/s | wait 5% | eta 1h14m33s
step  23100/60000 | total 1.1495 | post 1.0000 | det 0.1495 | 2114 lc/s | wait 5% | eta 1h14m28s
step  23200/60000 | total 1.2292 | post 1.0314 | det 0.1979 | 2125 lc/s | wait 5% | eta 1h13m53s
step  23300/60000 | total 1.0721 | post 0.9249 | det 0.1472 | 2105 lc/s | wait 5% | eta 1h14m22s
step  23400/60000 | total 0.9657 | post 0.7636 | det 0.2021 | 2113 lc/s | wait 5% | eta 1h13m54s
step  23500/60000 | total 0.9209 | post 0.7364 | det 0.1846 | 2117 lc/s | wait 5% | eta 1h13m33s
step  23600/60000 | total 1.0197 | post 0.8909 | det 0.1288 | 2110 lc/s | wait 5% | eta 1h13m37s
step  23700/60000 | total 1.1053 | post 0.9004 | det 0.2049 | 2080 lc/s | wait 5% | eta 1h14m27s
step  23800/60000 | total 1.0237 | post 0.8426 | det 0.1811 | 2104 lc/s | wait 5% | eta 1h13m24s
step  23900/60000 | total 1.1704 | post 0.9561 | det 0.2143 | 2092 lc/s | wait 5% | eta 1h13m37s
  [val] post 0.9208 det 0.7949 acc 0.818 auc 0.936
step  24000/60000 | total 1.0703 | post 0.9193 | det 0.1510 | 1945 lc/s | wait 4% | eta 1h18m58s
step  24100/60000 | total 1.0257 | post 0.8156 | det 0.2101 | 2104 lc/s | wait 5% | eta 1h12m47s
step  24200/60000 | total 1.1572 | post 0.9850 | det 0.1722 | 2099 lc/s | wait 5% | eta 1h12m45s
step  24300/60000 | total 1.0443 | post 0.8593 | det 0.1850 | 2016 lc/s | wait 4% | eta 1h15m33s
step  24400/60000 | total 1.1597 | post 0.9603 | det 0.1995 | 2145 lc/s | wait 5% | eta 1h10m48s
step  24500/60000 | total 0.9709 | post 0.7894 | det 0.1815 | 2113 lc/s | wait 5% | eta 1h11m41s
step  24600/60000 | total 1.0998 | post 0.9411 | det 0.1587 | 2104 lc/s | wait 5% | eta 1h11m47s
step  24700/60000 | total 1.1802 | post 1.0111 | det 0.1690 | 2127 lc/s | wait 5% | eta 1h10m48s
step  24800/60000 | total 1.0730 | post 0.9271 | det 0.1459 | 2003 lc/s | wait 5% | eta 1h14m58s
step  24900/60000 | total 1.0455 | post 0.8659 | det 0.1796 | 2127 lc/s | wait 5% | eta 1h10m24s
step  25000/60000 | total 1.2241 | post 1.0175 | det 0.2067 | 2130 lc/s | wait 5% | eta 1h10m06s
step  25100/60000 | total 1.0886 | post 0.9016 | det 0.1869 | 2095 lc/s | wait 5% | eta 1h11m05s
step  25200/60000 | total 0.8763 | post 0.7364 | det 0.1399 | 2095 lc/s | wait 5% | eta 1h10m51s
step  25300/60000 | total 1.0515 | post 0.8774 | det 0.1741 | 2110 lc/s | wait 5% | eta 1h10m10s
step  25400/60000 | total 1.0831 | post 0.8923 | det 0.1908 | 2120 lc/s | wait 5% | eta 1h09m38s
step  25500/60000 | total 0.9219 | post 0.7462 | det 0.1757 | 2092 lc/s | wait 5% | eta 1h10m22s
step  25600/60000 | total 1.1751 | post 1.0112 | det 0.1639 | 2100 lc/s | wait 5% | eta 1h09m54s
step  25700/60000 | total 0.9947 | post 0.8165 | det 0.1782 | 2027 lc/s | wait 5% | eta 1h12m11s
step  25800/60000 | total 1.0750 | post 0.8573 | det 0.2177 | 2126 lc/s | wait 5% | eta 1h08m37s
step  25900/60000 | total 1.1353 | post 0.9602 | det 0.1751 | 2122 lc/s | wait 5% | eta 1h08m33s
  [val] post 0.8729 det 0.9678 acc 0.816 auc 0.936
step  26000/60000 | total 1.0383 | post 0.8366 | det 0.2018 | 1966 lc/s | wait 5% | eta 1h13m47s
step  26100/60000 | total 0.9540 | post 0.7886 | det 0.1655 | 2071 lc/s | wait 5% | eta 1h09m50s
step  26200/60000 | total 0.8951 | post 0.7128 | det 0.1823 | 2023 lc/s | wait 4% | eta 1h11m17s
step  26300/60000 | total 1.0216 | post 0.7930 | det 0.2286 | 2134 lc/s | wait 5% | eta 1h07m23s
step  26400/60000 | total 1.1779 | post 1.0286 | det 0.1493 | 2134 lc/s | wait 5% | eta 1h07m10s
step  26500/60000 | total 0.8974 | post 0.7175 | det 0.1799 | 2134 lc/s | wait 5% | eta 1h06m59s
step  26600/60000 | total 0.9120 | post 0.7546 | det 0.1573 | 2127 lc/s | wait 5% | eta 1h07m00s
step  26700/60000 | total 1.1048 | post 0.9393 | det 0.1655 | 2134 lc/s | wait 5% | eta 1h06m34s
step  26800/60000 | total 1.0848 | post 0.8888 | det 0.1960 | 2135 lc/s | wait 5% | eta 1h06m20s
step  26900/60000 | total 0.9566 | post 0.7996 | det 0.1570 | 2116 lc/s | wait 5% | eta 1h06m44s
step  27000/60000 | total 0.8979 | post 0.7284 | det 0.1695 | 2134 lc/s | wait 5% | eta 1h05m59s
step  27100/60000 | total 1.0442 | post 0.8289 | det 0.2154 | 2134 lc/s | wait 5% | eta 1h05m46s
step  27200/60000 | total 0.9085 | post 0.7216 | det 0.1869 | 2134 lc/s | wait 5% | eta 1h05m34s
step  27300/60000 | total 0.9746 | post 0.7903 | det 0.1843 | 2133 lc/s | wait 5% | eta 1h05m24s
step  27400/60000 | total 1.0631 | post 0.8704 | det 0.1928 | 2135 lc/s | wait 5% | eta 1h05m09s
step  27500/60000 | total 1.0478 | post 0.8486 | det 0.1992 | 2134 lc/s | wait 5% | eta 1h04m58s
step  27600/60000 | total 1.0118 | post 0.8199 | det 0.1919 | 2134 lc/s | wait 5% | eta 1h04m46s
step  27700/60000 | total 1.0889 | post 0.8929 | det 0.1960 | 2133 lc/s | wait 5% | eta 1h04m37s
step  27800/60000 | total 1.0327 | post 0.8781 | det 0.1546 | 2135 lc/s | wait 5% | eta 1h04m20s
step  27900/60000 | total 0.9932 | post 0.8124 | det 0.1807 | 2134 lc/s | wait 5% | eta 1h04m10s
  [val] post 0.8534 det 0.7567 acc 0.831 auc 0.937
step  28000/60000 | total 1.1560 | post 0.9919 | det 0.1640 | 1984 lc/s | wait 5% | eta 1h08m48s
step  28100/60000 | total 1.1113 | post 0.9390 | det 0.1724 | 2094 lc/s | wait 5% | eta 1h04m59s
step  28200/60000 | total 0.9261 | post 0.7791 | det 0.1470 | 2170 lc/s | wait 5% | eta 1h02m32s
step  28300/60000 | total 1.0044 | post 0.8168 | det 0.1877 | 2164 lc/s | wait 5% | eta 1h02m30s
step  28400/60000 | total 1.2315 | post 1.0686 | det 0.1629 | 2170 lc/s | wait 5% | eta 1h02m08s
step  28500/60000 | total 1.0513 | post 0.8555 | det 0.1959 | 2170 lc/s | wait 5% | eta 1h01m55s
step  28600/60000 | total 0.8177 | post 0.6634 | det 0.1543 | 2168 lc/s | wait 5% | eta 1h01m47s
step  28700/60000 | total 1.0070 | post 0.8022 | det 0.2048 | 2160 lc/s | wait 5% | eta 1h01m49s
step  28800/60000 | total 0.9712 | post 0.7741 | det 0.1970 | 2066 lc/s | wait 5% | eta 1h04m26s
step  28900/60000 | total 0.9671 | post 0.8231 | det 0.1440 | 2171 lc/s | wait 5% | eta 1h01m08s
step  29000/60000 | total 1.0190 | post 0.8757 | det 0.1432 | 2171 lc/s | wait 5% | eta 1h00m55s
step  29100/60000 | total 1.1249 | post 0.9784 | det 0.1465 | 2172 lc/s | wait 5% | eta 1h00m41s
step  29200/60000 | total 1.0992 | post 0.9272 | det 0.1720 | 2168 lc/s | wait 5% | eta 1h00m36s
step  29300/60000 | total 1.1673 | post 0.9721 | det 0.1952 | 2169 lc/s | wait 5% | eta 1h00m24s
step  29400/60000 | total 1.0644 | post 0.8807 | det 0.1836 | 2170 lc/s | wait 5% | eta 1h00m10s
step  29500/60000 | total 1.1025 | post 0.9534 | det 0.1491 | 2170 lc/s | wait 5% | eta 59m57s
step  29600/60000 | total 0.9318 | post 0.7832 | det 0.1486 | 2047 lc/s | wait 5% | eta 1h03m21s
step  29700/60000 | total 1.0973 | post 0.9627 | det 0.1346 | 2191 lc/s | wait 5% | eta 59m00s
step  29800/60000 | total 1.0854 | post 0.8922 | det 0.1932 | 2199 lc/s | wait 5% | eta 58m36s
step  29900/60000 | total 1.0823 | post 0.8877 | det 0.1946 | 2085 lc/s | wait 5% | eta 1h01m36s
  [val] post 0.8468 det 1.0947 acc 0.812 auc 0.928
step  30000/60000 | total 0.9923 | post 0.8645 | det 0.1278 | 2046 lc/s | wait 5% | eta 1h02m33s
step  30100/60000 | total 1.0557 | post 0.8661 | det 0.1895 | 2194 lc/s | wait 5% | eta 58m08s
step  30200/60000 | total 1.0400 | post 0.8433 | det 0.1968 | 2184 lc/s | wait 5% | eta 58m13s
step  30300/60000 | total 0.8697 | post 0.7516 | det 0.1181 | 2194 lc/s | wait 5% | eta 57m44s
step  30400/60000 | total 1.0303 | post 0.8707 | det 0.1596 | 2153 lc/s | wait 5% | eta 58m38s
step  30500/60000 | total 1.1797 | post 1.0144 | det 0.1653 | 2081 lc/s | wait 5% | eta 1h00m29s
step  30600/60000 | total 0.9815 | post 0.8263 | det 0.1552 | 2224 lc/s | wait 5% | eta 56m23s
step  30700/60000 | total 0.7791 | post 0.6467 | det 0.1323 | 2165 lc/s | wait 5% | eta 57m45s
step  30800/60000 | total 1.1418 | post 0.9717 | det 0.1701 | 2199 lc/s | wait 5% | eta 56m39s
step  30900/60000 | total 0.9596 | post 0.7336 | det 0.2260 | 2209 lc/s | wait 5% | eta 56m12s
step  31000/60000 | total 0.8293 | post 0.6871 | det 0.1421 | 2212 lc/s | wait 5% | eta 55m55s
step  31100/60000 | total 0.8362 | post 0.7213 | det 0.1149 | 2196 lc/s | wait 5% | eta 56m08s
step  31200/60000 | total 0.9051 | post 0.7194 | det 0.1856 | 2200 lc/s | wait 5% | eta 55m51s
step  31300/60000 | total 1.0854 | post 0.9365 | det 0.1489 | 2194 lc/s | wait 5% | eta 55m48s
step  31400/60000 | total 0.9183 | post 0.8081 | det 0.1102 | 2197 lc/s | wait 5% | eta 55m33s
step  31500/60000 | total 1.1179 | post 0.9750 | det 0.1429 | 2179 lc/s | wait 5% | eta 55m48s
step  31600/60000 | total 0.8817 | post 0.6774 | det 0.2043 | 2211 lc/s | wait 5% | eta 54m47s
step  31700/60000 | total 1.0054 | post 0.8520 | det 0.1534 | 2215 lc/s | wait 5% | eta 54m31s
step  31800/60000 | total 0.9796 | post 0.8276 | det 0.1520 | 2165 lc/s | wait 5% | eta 55m34s
step  31900/60000 | total 1.1820 | post 1.0074 | det 0.1747 | 2211 lc/s | wait 5% | eta 54m14s
  [val] post 0.8652 det 0.8400 acc 0.816 auc 0.935
step  32000/60000 | total 1.0137 | post 0.8491 | det 0.1646 | 2049 lc/s | wait 5% | eta 58m18s
step  32100/60000 | total 1.0760 | post 0.9248 | det 0.1512 | 2199 lc/s | wait 5% | eta 54m08s
step  32200/60000 | total 1.1060 | post 0.9572 | det 0.1487 | 2197 lc/s | wait 5% | eta 53m58s
step  32300/60000 | total 1.0649 | post 0.8672 | det 0.1977 | 2212 lc/s | wait 5% | eta 53m25s
step  32400/60000 | total 1.0295 | post 0.8542 | det 0.1753 | 2212 lc/s | wait 5% | eta 53m14s
step  32500/60000 | total 0.9366 | post 0.7803 | det 0.1563 | 2212 lc/s | wait 5% | eta 53m02s
step  32600/60000 | total 0.9588 | post 0.7798 | det 0.1790 | 2198 lc/s | wait 5% | eta 53m10s
step  32700/60000 | total 0.9146 | post 0.7534 | det 0.1612 | 2199 lc/s | wait 5% | eta 52m58s
step  32800/60000 | total 1.0326 | post 0.8739 | det 0.1586 | 2178 lc/s | wait 5% | eta 53m16s
step  32900/60000 | total 1.0404 | post 0.8777 | det 0.1627 | 2136 lc/s | wait 5% | eta 54m07s
step  33000/60000 | total 1.0081 | post 0.8854 | det 0.1227 | 2224 lc/s | wait 5% | eta 51m48s
step  33100/60000 | total 0.9321 | post 0.7602 | det 0.1720 | 2144 lc/s | wait 5% | eta 53m31s
step  33200/60000 | total 1.0808 | post 0.9023 | det 0.1786 | 2216 lc/s | wait 5% | eta 51m35s
step  33300/60000 | total 1.1684 | post 0.9762 | det 0.1922 | 2204 lc/s | wait 5% | eta 51m41s
step  33400/60000 | total 0.9445 | post 0.8171 | det 0.1274 | 2190 lc/s | wait 5% | eta 51m49s
step  33500/60000 | total 1.0660 | post 0.8441 | det 0.2218 | 2197 lc/s | wait 5% | eta 51m27s
step  33600/60000 | total 1.0015 | post 0.8216 | det 0.1800 | 2197 lc/s | wait 5% | eta 51m15s
step  33700/60000 | total 1.0354 | post 0.9057 | det 0.1298 | 2198 lc/s | wait 5% | eta 51m02s
step  33800/60000 | total 1.0943 | post 0.9610 | det 0.1332 | 2193 lc/s | wait 5% | eta 50m57s
step  33900/60000 | total 1.1159 | post 0.9530 | det 0.1629 | 2197 lc/s | wait 5% | eta 50m41s
  [val] post 0.8460 det 1.0702 acc 0.802 auc 0.925
step  34000/60000 | total 1.0542 | post 0.9345 | det 0.1198 | 2033 lc/s | wait 5% | eta 54m33s
step  34100/60000 | total 0.9902 | post 0.8202 | det 0.1700 | 2177 lc/s | wait 5% | eta 50m45s
step  34200/60000 | total 1.1876 | post 0.9552 | det 0.2324 | 2179 lc/s | wait 5% | eta 50m30s
step  34300/60000 | total 0.9713 | post 0.7607 | det 0.2105 | 2183 lc/s | wait 5% | eta 50m14s
step  34400/60000 | total 0.9947 | post 0.8179 | det 0.1768 | 2094 lc/s | wait 5% | eta 52m10s
step  34500/60000 | total 0.8832 | post 0.7569 | det 0.1263 | 2205 lc/s | wait 5% | eta 49m20s
step  34600/60000 | total 0.9633 | post 0.8151 | det 0.1482 | 2211 lc/s | wait 5% | eta 49m01s
step  34700/60000 | total 0.8577 | post 0.7294 | det 0.1283 | 2089 lc/s | wait 5% | eta 51m40s
step  34800/60000 | total 1.0920 | post 0.9069 | det 0.1851 | 2166 lc/s | wait 5% | eta 49m38s
step  34900/60000 | total 1.1578 | post 0.9859 | det 0.1719 | 2208 lc/s | wait 5% | eta 48m30s
step  35000/60000 | total 0.9292 | post 0.7882 | det 0.1409 | 2196 lc/s | wait 5% | eta 48m33s
step  35100/60000 | total 0.9665 | post 0.7982 | det 0.1682 | 2201 lc/s | wait 5% | eta 48m16s
step  35200/60000 | total 0.9124 | post 0.7915 | det 0.1209 | 2192 lc/s | wait 5% | eta 48m16s
step  35300/60000 | total 0.9792 | post 0.8373 | det 0.1419 | 2103 lc/s | wait 5% | eta 50m06s
step  35400/60000 | total 0.8283 | post 0.6470 | det 0.1814 | 2194 lc/s | wait 5% | eta 47m49s
step  35500/60000 | total 0.8632 | post 0.6749 | det 0.1884 | 2182 lc/s | wait 5% | eta 47m53s
step  35600/60000 | total 1.0655 | post 0.9174 | det 0.1481 | 2181 lc/s | wait 5% | eta 47m43s
step  35700/60000 | total 0.9600 | post 0.7634 | det 0.1966 | 2179 lc/s | wait 5% | eta 47m35s
step  35800/60000 | total 0.9261 | post 0.7536 | det 0.1725 | 2171 lc/s | wait 5% | eta 47m33s
step  35900/60000 | total 0.8535 | post 0.6687 | det 0.1849 | 2158 lc/s | wait 5% | eta 47m38s
  [val] post 0.8738 det 0.8810 acc 0.819 auc 0.937
step  36000/60000 | total 1.0550 | post 0.8540 | det 0.2010 | 2007 lc/s | wait 5% | eta 51m00s
step  36100/60000 | total 1.0009 | post 0.8850 | det 0.1160 | 2174 lc/s | wait 5% | eta 46m54s
step  36200/60000 | total 1.0010 | post 0.8589 | det 0.1421 | 2142 lc/s | wait 5% | eta 47m24s
step  36300/60000 | total 0.8830 | post 0.7293 | det 0.1537 | 2089 lc/s | wait 5% | eta 48m25s
step  36400/60000 | total 0.9555 | post 0.8244 | det 0.1310 | 2160 lc/s | wait 5% | eta 46m37s
step  36500/60000 | total 0.9789 | post 0.8754 | det 0.1035 | 2162 lc/s | wait 5% | eta 46m22s
step  36600/60000 | total 1.0690 | post 0.9068 | det 0.1622 | 2160 lc/s | wait 5% | eta 46m12s
step  36700/60000 | total 0.9805 | post 0.8337 | det 0.1469 | 2086 lc/s | wait 5% | eta 47m39s
step  36800/60000 | total 0.9200 | post 0.7884 | det 0.1317 | 2165 lc/s | wait 5% | eta 45m43s
step  36900/60000 | total 0.9077 | post 0.7560 | det 0.1517 | 2145 lc/s | wait 5% | eta 45m57s
step  37000/60000 | total 0.9413 | post 0.7665 | det 0.1747 | 2102 lc/s | wait 5% | eta 46m40s
step  37100/60000 | total 0.9179 | post 0.7635 | det 0.1544 | 2145 lc/s | wait 5% | eta 45m33s
step  37200/60000 | total 0.9868 | post 0.8449 | det 0.1419 | 2118 lc/s | wait 5% | eta 45m56s
step  37300/60000 | total 0.9434 | post 0.7877 | det 0.1557 | 2134 lc/s | wait 5% | eta 45m22s
step  37400/60000 | total 0.7756 | post 0.6377 | det 0.1379 | 2137 lc/s | wait 5% | eta 45m06s
step  37500/60000 | total 1.0634 | post 0.9136 | det 0.1498 | 2144 lc/s | wait 5% | eta 44m47s
step  37600/60000 | total 0.8569 | post 0.7483 | det 0.1086 | 2068 lc/s | wait 5% | eta 46m12s
step  37700/60000 | total 1.0189 | post 0.8582 | det 0.1607 | 2034 lc/s | wait 5% | eta 46m46s
step  37800/60000 | total 0.8608 | post 0.7710 | det 0.0898 | 2134 lc/s | wait 5% | eta 44m22s
step  37900/60000 | total 1.0598 | post 0.9105 | det 0.1494 | 2161 lc/s | wait 5% | eta 43m37s
  [val] post 0.8544 det 1.3126 acc 0.809 auc 0.928
step  38000/60000 | total 1.0202 | post 0.8742 | det 0.1461 | 1959 lc/s | wait 4% | eta 47m55s
step  38100/60000 | total 1.1780 | post 1.0071 | det 0.1708 | 2024 lc/s | wait 5% | eta 46m09s
step  38200/60000 | total 0.8746 | post 0.7353 | det 0.1393 | 2149 lc/s | wait 5% | eta 43m17s
step  38300/60000 | total 0.7897 | post 0.6660 | det 0.1237 | 2142 lc/s | wait 5% | eta 43m14s
step  38400/60000 | total 0.9577 | post 0.8176 | det 0.1401 | 2134 lc/s | wait 5% | eta 43m11s
step  38500/60000 | total 0.9500 | post 0.7904 | det 0.1596 | 2134 lc/s | wait 5% | eta 42m59s
step  38600/60000 | total 0.9028 | post 0.7498 | det 0.1530 | 2134 lc/s | wait 5% | eta 42m47s
step  38700/60000 | total 0.8712 | post 0.7633 | det 0.1079 | 2134 lc/s | wait 5% | eta 42m35s
step  38800/60000 | total 0.8482 | post 0.6725 | det 0.1757 | 2134 lc/s | wait 5% | eta 42m23s
step  38900/60000 | total 0.7139 | post 0.5938 | det 0.1201 | 2134 lc/s | wait 5% | eta 42m11s
step  39000/60000 | total 0.9453 | post 0.7660 | det 0.1793 | 2134 lc/s | wait 5% | eta 41m58s
step  39100/60000 | total 0.8537 | post 0.7338 | det 0.1199 | 2133 lc/s | wait 5% | eta 41m48s
step  39200/60000 | total 0.9107 | post 0.7829 | det 0.1278 | 2134 lc/s | wait 5% | eta 41m34s
step  39300/60000 | total 0.9988 | post 0.8678 | det 0.1310 | 2134 lc/s | wait 5% | eta 41m23s
step  39400/60000 | total 0.9203 | post 0.7912 | det 0.1291 | 2134 lc/s | wait 5% | eta 41m11s
step  39500/60000 | total 0.9253 | post 0.7805 | det 0.1448 | 2134 lc/s | wait 5% | eta 40m58s
step  39600/60000 | total 0.9475 | post 0.8131 | det 0.1344 | 2123 lc/s | wait 5% | eta 40m59s
step  39700/60000 | total 1.0673 | post 0.9569 | det 0.1105 | 2127 lc/s | wait 5% | eta 40m43s
step  39800/60000 | total 0.9873 | post 0.8127 | det 0.1746 | 1957 lc/s | wait 4% | eta 44m02s
step  39900/60000 | total 0.9392 | post 0.8394 | det 0.0998 | 2148 lc/s | wait 5% | eta 39m55s
  [val] post 0.8226 det 1.4300 acc 0.800 auc 0.919
step  40000/60000 | total 1.1029 | post 0.9575 | det 0.1455 | 1973 lc/s | wait 5% | eta 43m15s
step  40100/60000 | total 0.7966 | post 0.6796 | det 0.1170 | 2034 lc/s | wait 5% | eta 41m44s
step  40200/60000 | total 0.9451 | post 0.7852 | det 0.1599 | 2134 lc/s | wait 5% | eta 39m35s
step  40300/60000 | total 0.9665 | post 0.8207 | det 0.1458 | 2134 lc/s | wait 5% | eta 39m23s
step  40400/60000 | total 0.9176 | post 0.7739 | det 0.1438 | 2134 lc/s | wait 5% | eta 39m10s
step  40500/60000 | total 1.2485 | post 1.0674 | det 0.1811 | 2134 lc/s | wait 5% | eta 38m59s
step  40600/60000 | total 1.0730 | post 0.9128 | det 0.1602 | 2134 lc/s | wait 5% | eta 38m47s
step  40700/60000 | total 1.0348 | post 0.8897 | det 0.1451 | 2112 lc/s | wait 5% | eta 38m58s
step  40800/60000 | total 0.8634 | post 0.6996 | det 0.1638 | 2055 lc/s | wait 5% | eta 39m51s
step  40900/60000 | total 1.0427 | post 0.8651 | det 0.1775 | 2145 lc/s | wait 5% | eta 37m59s
step  41000/60000 | total 1.0122 | post 0.8587 | det 0.1535 | 2109 lc/s | wait 5% | eta 38m26s
step  41100/60000 | total 1.0263 | post 0.9412 | det 0.0851 | 2131 lc/s | wait 5% | eta 37m50s
step  41200/60000 | total 1.0694 | post 0.9078 | det 0.1616 | 2076 lc/s | wait 5% | eta 38m38s
step  41300/60000 | total 0.9274 | post 0.7887 | det 0.1387 | 2104 lc/s | wait 5% | eta 37m55s
step  41400/60000 | total 0.9469 | post 0.7975 | det 0.1494 | 2128 lc/s | wait 5% | eta 37m17s
step  41500/60000 | total 1.1205 | post 0.9578 | det 0.1627 | 2101 lc/s | wait 5% | eta 37m33s
step  41600/60000 | total 0.9668 | post 0.8353 | det 0.1314 | 2126 lc/s | wait 5% | eta 36m55s
step  41700/60000 | total 1.0456 | post 0.8269 | det 0.2187 | 2059 lc/s | wait 5% | eta 37m55s
step  41800/60000 | total 0.8933 | post 0.8028 | det 0.0906 | 2055 lc/s | wait 5% | eta 37m47s
step  41900/60000 | total 0.8733 | post 0.7648 | det 0.1085 | 2119 lc/s | wait 5% | eta 36m27s
  [val] post 0.7666 det 1.6200 acc 0.798 auc 0.911
step  42000/60000 | total 0.9747 | post 0.8437 | det 0.1311 | 1954 lc/s | wait 4% | eta 39m17s
step  42100/60000 | total 0.8785 | post 0.7888 | det 0.0897 | 2018 lc/s | wait 4% | eta 37m50s
step  42200/60000 | total 1.0124 | post 0.8270 | det 0.1853 | 2130 lc/s | wait 5% | eta 35m39s
step  42300/60000 | total 1.0664 | post 0.9744 | det 0.0920 | 2127 lc/s | wait 5% | eta 35m30s
step  42400/60000 | total 0.8326 | post 0.6642 | det 0.1684 | 2120 lc/s | wait 5% | eta 35m25s
step  42500/60000 | total 1.0386 | post 0.8931 | det 0.1455 | 2123 lc/s | wait 5% | eta 35m10s
step  42600/60000 | total 0.8579 | post 0.6719 | det 0.1860 | 2110 lc/s | wait 5% | eta 35m11s
step  42700/60000 | total 0.8135 | post 0.6720 | det 0.1415 | 2115 lc/s | wait 5% | eta 34m54s
step  42800/60000 | total 1.1387 | post 1.0213 | det 0.1174 | 2093 lc/s | wait 5% | eta 35m03s
step  42900/60000 | total 1.0682 | post 0.8840 | det 0.1843 | 2117 lc/s | wait 5% | eta 34m27s
step  43000/60000 | total 1.0052 | post 0.8848 | det 0.1204 | 2101 lc/s | wait 5% | eta 34m31s
step  43100/60000 | total 0.8256 | post 0.7145 | det 0.1111 | 2098 lc/s | wait 5% | eta 34m21s
step  43200/60000 | total 0.9816 | post 0.8460 | det 0.1355 | 2117 lc/s | wait 5% | eta 33m51s
step  43300/60000 | total 0.8312 | post 0.7054 | det 0.1259 | 2126 lc/s | wait 5% | eta 33m30s
step  43400/60000 | total 1.0939 | post 0.9085 | det 0.1854 | 2115 lc/s | wait 5% | eta 33m29s
step  43500/60000 | total 0.7184 | post 0.5696 | det 0.1488 | 2135 lc/s | wait 5% | eta 32m58s
step  43600/60000 | total 1.0637 | post 0.9165 | det 0.1472 | 2134 lc/s | wait 5% | eta 32m47s
step  43700/60000 | total 1.0496 | post 0.9128 | det 0.1369 | 2134 lc/s | wait 5% | eta 32m35s
step  43800/60000 | total 0.9779 | post 0.8327 | det 0.1453 | 2134 lc/s | wait 5% | eta 32m23s
step  43900/60000 | total 0.9749 | post 0.8749 | det 0.1001 | 2134 lc/s | wait 5% | eta 32m11s
  [val] post 0.8361 det 1.6249 acc 0.817 auc 0.913
step  44000/60000 | total 0.9188 | post 0.8169 | det 0.1019 | 1980 lc/s | wait 5% | eta 34m28s
step  44100/60000 | total 0.8507 | post 0.7520 | det 0.0987 | 2128 lc/s | wait 5% | eta 31m52s
step  44200/60000 | total 1.0053 | post 0.8667 | det 0.1387 | 2148 lc/s | wait 5% | eta 31m23s
step  44300/60000 | total 0.8607 | post 0.7405 | det 0.1202 | 2139 lc/s | wait 5% | eta 31m18s
step  44400/60000 | total 0.9480 | post 0.7726 | det 0.1755 | 2134 lc/s | wait 5% | eta 31m11s
step  44500/60000 | total 0.9344 | post 0.7830 | det 0.1514 | 2153 lc/s | wait 5% | eta 30m42s
step  44600/60000 | total 0.9463 | post 0.8179 | det 0.1284 | 2137 lc/s | wait 5% | eta 30m44s
step  44700/60000 | total 0.9070 | post 0.8153 | det 0.0917 | 2073 lc/s | wait 5% | eta 31m29s
step  44800/60000 | total 1.1218 | post 0.9680 | det 0.1538 | 2147 lc/s | wait 5% | eta 30m12s
step  44900/60000 | total 0.9096 | post 0.8040 | det 0.1056 | 2167 lc/s | wait 5% | eta 29m44s
step  45000/60000 | total 0.8569 | post 0.7472 | det 0.1097 | 2165 lc/s | wait 5% | eta 29m33s
step  45100/60000 | total 1.0952 | post 0.9081 | det 0.1870 | 2161 lc/s | wait 5% | eta 29m25s
step  45200/60000 | total 0.8314 | post 0.7354 | det 0.0960 | 2165 lc/s | wait 5% | eta 29m09s
step  45300/60000 | total 0.9175 | post 0.7809 | det 0.1367 | 2165 lc/s | wait 5% | eta 28m58s
step  45400/60000 | total 0.9780 | post 0.8685 | det 0.1095 | 2158 lc/s | wait 5% | eta 28m51s
step  45500/60000 | total 0.9934 | post 0.8400 | det 0.1534 | 2144 lc/s | wait 5% | eta 28m51s
step  45600/60000 | total 0.9705 | post 0.8874 | det 0.0831 | 2115 lc/s | wait 5% | eta 29m02s
step  45700/60000 | total 0.9533 | post 0.8528 | det 0.1006 | 2134 lc/s | wait 5% | eta 28m35s
step  45800/60000 | total 0.8479 | post 0.7138 | det 0.1341 | 2134 lc/s | wait 5% | eta 28m23s
step  45900/60000 | total 0.8651 | post 0.7278 | det 0.1373 | 2134 lc/s | wait 5% | eta 28m11s
  [val] post 0.8841 det 1.8759 acc 0.802 auc 0.904
step  46000/60000 | total 1.0403 | post 0.9052 | det 0.1351 | 1973 lc/s | wait 4% | eta 30m16s
step  46100/60000 | total 0.7781 | post 0.6148 | det 0.1633 | 2134 lc/s | wait 5% | eta 27m47s
step  46200/60000 | total 0.8824 | post 0.7034 | det 0.1790 | 2134 lc/s | wait 5% | eta 27m35s
step  46300/60000 | total 0.7808 | post 0.6819 | det 0.0988 | 2116 lc/s | wait 5% | eta 27m37s
step  46400/60000 | total 1.0982 | post 0.9533 | det 0.1449 | 2123 lc/s | wait 5% | eta 27m19s
step  46500/60000 | total 0.8069 | post 0.7200 | det 0.0868 | 2102 lc/s | wait 5% | eta 27m24s
step  46600/60000 | total 1.0596 | post 0.9523 | det 0.1073 | 2098 lc/s | wait 5% | eta 27m15s
step  46700/60000 | total 0.8354 | post 0.7091 | det 0.1263 | 2097 lc/s | wait 5% | eta 27m03s
step  46800/60000 | total 0.8955 | post 0.7905 | det 0.1050 | 2025 lc/s | wait 5% | eta 27m48s
step  46900/60000 | total 0.9604 | post 0.8220 | det 0.1384 | 2086 lc/s | wait 5% | eta 26m47s
step  47000/60000 | total 0.7889 | post 0.6555 | det 0.1334 | 2061 lc/s | wait 5% | eta 26m54s
step  47100/60000 | total 0.9807 | post 0.8744 | det 0.1063 | 2062 lc/s | wait 5% | eta 26m41s
step  47200/60000 | total 0.8378 | post 0.7673 | det 0.0705 | 2052 lc/s | wait 5% | eta 26m36s
step  47300/60000 | total 1.1036 | post 0.9992 | det 0.1044 | 2014 lc/s | wait 5% | eta 26m54s
step  47400/60000 | total 0.8662 | post 0.7384 | det 0.1278 | 2056 lc/s | wait 5% | eta 26m08s
step  47500/60000 | total 0.9268 | post 0.8253 | det 0.1015 | 2047 lc/s | wait 5% | eta 26m03s
step  47600/60000 | total 0.9691 | post 0.8308 | det 0.1383 | 2067 lc/s | wait 5% | eta 25m35s
step  47700/60000 | total 0.9135 | post 0.7770 | det 0.1364 | 2054 lc/s | wait 5% | eta 25m32s
step  47800/60000 | total 0.8069 | post 0.6797 | det 0.1272 | 2049 lc/s | wait 5% | eta 25m24s
step  47900/60000 | total 0.7544 | post 0.6642 | det 0.0902 | 2049 lc/s | wait 5% | eta 25m11s
  [val] post 0.8381 det 1.7834 acc 0.809 auc 0.904
step  48000/60000 | total 0.7959 | post 0.6513 | det 0.1446 | 1904 lc/s | wait 4% | eta 26m53s
step  48100/60000 | total 1.0942 | post 0.9855 | det 0.1086 | 1971 lc/s | wait 5% | eta 25m45s
step  48200/60000 | total 0.8018 | post 0.6660 | det 0.1358 | 2025 lc/s | wait 5% | eta 24m51s
step  48300/60000 | total 0.9725 | post 0.8944 | det 0.0780 | 2069 lc/s | wait 5% | eta 24m07s
step  48400/60000 | total 0.7957 | post 0.7050 | det 0.0907 | 1959 lc/s | wait 5% | eta 25m16s
step  48500/60000 | total 0.9522 | post 0.8689 | det 0.0832 | 2038 lc/s | wait 5% | eta 24m04s
step  48600/60000 | total 0.8781 | post 0.7665 | det 0.1116 | 2078 lc/s | wait 5% | eta 23m24s
step  48700/60000 | total 0.8369 | post 0.7222 | det 0.1147 | 2073 lc/s | wait 5% | eta 23m15s
step  48800/60000 | total 0.9266 | post 0.7939 | det 0.1327 | 2072 lc/s | wait 5% | eta 23m03s
step  48900/60000 | total 0.8573 | post 0.7695 | det 0.0878 | 2071 lc/s | wait 5% | eta 22m51s
step  49000/60000 | total 0.6901 | post 0.6212 | det 0.0689 | 2032 lc/s | wait 5% | eta 23m06s
step  49100/60000 | total 0.9266 | post 0.8000 | det 0.1266 | 2093 lc/s | wait 5% | eta 22m13s
step  49200/60000 | total 0.7890 | post 0.6631 | det 0.1260 | 2030 lc/s | wait 5% | eta 22m41s
step  49300/60000 | total 0.7764 | post 0.6603 | det 0.1161 | 2072 lc/s | wait 5% | eta 22m02s
step  49400/60000 | total 0.9279 | post 0.8307 | det 0.0972 | 2078 lc/s | wait 5% | eta 21m46s
step  49500/60000 | total 0.9145 | post 0.8128 | det 0.1017 | 2075 lc/s | wait 5% | eta 21m35s
step  49600/60000 | total 0.8470 | post 0.7632 | det 0.0838 | 2076 lc/s | wait 5% | eta 21m22s
step  49700/60000 | total 0.9540 | post 0.8665 | det 0.0874 | 2078 lc/s | wait 5% | eta 21m08s
step  49800/60000 | total 0.8747 | post 0.8147 | det 0.0600 | 2080 lc/s | wait 5% | eta 20m55s
step  49900/60000 | total 1.1208 | post 0.9880 | det 0.1327 | 2079 lc/s | wait 5% | eta 20m43s
  [val] post 0.7833 det 2.0055 acc 0.804 auc 0.897
step  50000/60000 | total 0.9076 | post 0.7729 | det 0.1347 | 1928 lc/s | wait 4% | eta 22m07s
step  50100/60000 | total 0.9160 | post 0.8171 | det 0.0989 | 2086 lc/s | wait 5% | eta 20m15s
step  50200/60000 | total 0.7941 | post 0.6971 | det 0.0971 | 2093 lc/s | wait 5% | eta 19m58s
step  50300/60000 | total 0.9772 | post 0.8513 | det 0.1259 | 2072 lc/s | wait 5% | eta 19m58s
step  50400/60000 | total 0.8986 | post 0.7883 | det 0.1103 | 2093 lc/s | wait 5% | eta 19m34s
step  50500/60000 | total 0.9675 | post 0.8420 | det 0.1255 | 2109 lc/s | wait 5% | eta 19m13s
step  50600/60000 | total 0.9404 | post 0.8472 | det 0.0933 | 2102 lc/s | wait 5% | eta 19m04s
step  50700/60000 | total 0.8197 | post 0.6955 | det 0.1242 | 2106 lc/s | wait 5% | eta 18m50s
step  50800/60000 | total 0.8040 | post 0.7284 | det 0.0756 | 2105 lc/s | wait 5% | eta 18m38s
step  50900/60000 | total 0.8176 | post 0.6633 | det 0.1542 | 2086 lc/s | wait 5% | eta 18m36s
step  51000/60000 | total 0.8050 | post 0.7033 | det 0.1016 | 2085 lc/s | wait 5% | eta 18m24s
step  51100/60000 | total 0.8379 | post 0.7866 | det 0.0512 | 2116 lc/s | wait 5% | eta 17m56s
step  51200/60000 | total 0.8363 | post 0.7698 | det 0.0665 | 2110 lc/s | wait 5% | eta 17m47s
step  51300/60000 | total 0.8260 | post 0.6895 | det 0.1364 | 2059 lc/s | wait 5% | eta 18m01s
step  51400/60000 | total 0.9195 | post 0.8101 | det 0.1094 | 2037 lc/s | wait 5% | eta 18m00s
step  51500/60000 | total 0.9120 | post 0.8320 | det 0.0800 | 2066 lc/s | wait 5% | eta 17m33s
step  51600/60000 | total 0.8428 | post 0.7191 | det 0.1237 | 2104 lc/s | wait 5% | eta 17m02s
step  51700/60000 | total 0.9231 | post 0.8573 | det 0.0658 | 2080 lc/s | wait 5% | eta 17m01s
step  51800/60000 | total 0.7865 | post 0.6387 | det 0.1478 | 2063 lc/s | wait 5% | eta 16m57s
step  51900/60000 | total 0.8362 | post 0.7259 | det 0.1103 | 2069 lc/s | wait 5% | eta 16m42s
  [val] post 0.8242 det 2.1674 acc 0.809 auc 0.899
step  52000/60000 | total 0.9847 | post 0.8533 | det 0.1314 | 1918 lc/s | wait 5% | eta 17m47s
step  52100/60000 | total 0.7724 | post 0.6526 | det 0.1198 | 2065 lc/s | wait 5% | eta 16m19s
step  52200/60000 | total 1.0024 | post 0.8281 | det 0.1743 | 2047 lc/s | wait 5% | eta 16m15s
step  52300/60000 | total 0.9363 | post 0.8029 | det 0.1333 | 2040 lc/s | wait 5% | eta 16m06s
step  52400/60000 | total 0.8340 | post 0.7156 | det 0.1185 | 2037 lc/s | wait 4% | eta 15m55s
step  52500/60000 | total 0.8630 | post 0.7777 | det 0.0853 | 2067 lc/s | wait 5% | eta 15m28s
step  52600/60000 | total 0.6990 | post 0.5689 | det 0.1300 | 2065 lc/s | wait 5% | eta 15m17s
step  52700/60000 | total 1.3009 | post 1.1557 | det 0.1452 | 2049 lc/s | wait 5% | eta 15m12s
step  52800/60000 | total 0.8986 | post 0.7652 | det 0.1334 | 2051 lc/s | wait 5% | eta 14m58s
step  52900/60000 | total 0.7809 | post 0.6876 | det 0.0933 | 2051 lc/s | wait 5% | eta 14m45s
step  53000/60000 | total 0.7772 | post 0.6717 | det 0.1055 | 2049 lc/s | wait 5% | eta 14m34s
step  53100/60000 | total 0.9518 | post 0.8373 | det 0.1145 | 2045 lc/s | wait 5% | eta 14m23s
step  53200/60000 | total 0.7963 | post 0.6936 | det 0.1027 | 2046 lc/s | wait 5% | eta 14m10s
step  53300/60000 | total 0.9328 | post 0.8186 | det 0.1143 | 2043 lc/s | wait 5% | eta 13m59s
step  53400/60000 | total 1.2020 | post 1.0564 | det 0.1455 | 2031 lc/s | wait 5% | eta 13m52s
step  53500/60000 | total 0.7615 | post 0.6251 | det 0.1364 | 2027 lc/s | wait 5% | eta 13m40s
step  53600/60000 | total 0.7651 | post 0.6597 | det 0.1054 | 2059 lc/s | wait 5% | eta 13m15s
step  53700/60000 | total 0.8122 | post 0.6971 | det 0.1151 | 2039 lc/s | wait 5% | eta 13m11s
step  53800/60000 | total 0.7648 | post 0.6690 | det 0.0958 | 2050 lc/s | wait 5% | eta 12m54s
step  53900/60000 | total 0.7889 | post 0.6470 | det 0.1419 | 2056 lc/s | wait 5% | eta 12m39s
  [val] post 0.8390 det 2.2663 acc 0.795 auc 0.881
step  54000/60000 | total 0.8106 | post 0.7121 | det 0.0985 | 1868 lc/s | wait 4% | eta 13m42s
step  54100/60000 | total 0.7408 | post 0.6452 | det 0.0956 | 2036 lc/s | wait 5% | eta 12m21s
step  54200/60000 | total 1.0247 | post 0.8954 | det 0.1294 | 2024 lc/s | wait 5% | eta 12m13s
step  54300/60000 | total 0.8570 | post 0.7237 | det 0.1333 | 2044 lc/s | wait 5% | eta 11m53s
step  54400/60000 | total 0.7386 | post 0.6299 | det 0.1087 | 2049 lc/s | wait 5% | eta 11m39s
step  54500/60000 | total 0.8577 | post 0.7616 | det 0.0960 | 2059 lc/s | wait 5% | eta 11m23s
step  54600/60000 | total 1.0583 | post 0.9626 | det 0.0957 | 2027 lc/s | wait 5% | eta 11m22s
step  54700/60000 | total 0.8897 | post 0.7461 | det 0.1436 | 2050 lc/s | wait 5% | eta 11m01s
step  54800/60000 | total 1.0254 | post 0.9144 | det 0.1110 | 2035 lc/s | wait 5% | eta 10m54s
step  54900/60000 | total 0.9305 | post 0.8423 | det 0.0882 | 2025 lc/s | wait 5% | eta 10m44s
step  55000/60000 | total 0.9603 | post 0.8568 | det 0.1035 | 2025 lc/s | wait 5% | eta 10m32s
step  55100/60000 | total 0.8112 | post 0.7434 | det 0.0677 | 2031 lc/s | wait 5% | eta 10m17s
step  55200/60000 | total 0.8831 | post 0.7496 | det 0.1336 | 2031 lc/s | wait 5% | eta 10m04s
step  55300/60000 | total 0.8933 | post 0.8257 | det 0.0676 | 2036 lc/s | wait 5% | eta 9m50s
step  55400/60000 | total 1.0160 | post 0.9197 | det 0.0963 | 2036 lc/s | wait 5% | eta 9m38s
step  55500/60000 | total 0.9021 | post 0.7630 | det 0.1391 | 2037 lc/s | wait 5% | eta 9m25s
step  55600/60000 | total 0.8839 | post 0.7614 | det 0.1225 | 2041 lc/s | wait 5% | eta 9m11s
step  55700/60000 | total 0.7423 | post 0.6365 | det 0.1058 | 2045 lc/s | wait 5% | eta 8m58s
step  55800/60000 | total 0.9505 | post 0.8142 | det 0.1364 | 2046 lc/s | wait 5% | eta 8m45s
step  55900/60000 | total 0.8947 | post 0.7921 | det 0.1025 | 2048 lc/s | wait 5% | eta 8m32s
  [val] post 0.7714 det 2.2785 acc 0.802 auc 0.882
step  56000/60000 | total 0.9902 | post 0.8701 | det 0.1201 | 1906 lc/s | wait 4% | eta 8m57s
step  56100/60000 | total 0.7695 | post 0.6738 | det 0.0957 | 2054 lc/s | wait 5% | eta 8m06s
step  56200/60000 | total 0.8887 | post 0.7780 | det 0.1108 | 2058 lc/s | wait 5% | eta 7m52s
step  56300/60000 | total 0.8930 | post 0.7854 | det 0.1077 | 2070 lc/s | wait 5% | eta 7m37s
step  56400/60000 | total 0.7988 | post 0.7124 | det 0.0864 | 2045 lc/s | wait 5% | eta 7m30s
step  56500/60000 | total 0.9213 | post 0.8264 | det 0.0949 | 2072 lc/s | wait 5% | eta 7m12s
step  56600/60000 | total 0.9880 | post 0.8914 | det 0.0966 | 2063 lc/s | wait 5% | eta 7m01s
step  56700/60000 | total 0.9819 | post 0.8899 | det 0.0921 | 2085 lc/s | wait 5% | eta 6m45s
step  56800/60000 | total 0.8188 | post 0.7014 | det 0.1174 | 2047 lc/s | wait 5% | eta 6m40s
step  56900/60000 | total 1.0474 | post 0.9276 | det 0.1199 | 2080 lc/s | wait 5% | eta 6m21s
step  57000/60000 | total 0.9455 | post 0.8337 | det 0.1117 | 2082 lc/s | wait 5% | eta 6m08s
step  57100/60000 | total 0.8528 | post 0.7750 | det 0.0778 | 2029 lc/s | wait 5% | eta 6m05s
step  57200/60000 | total 0.9189 | post 0.8393 | det 0.0796 | 2083 lc/s | wait 5% | eta 5m44s
step  57300/60000 | total 0.8983 | post 0.7976 | det 0.1007 | 2108 lc/s | wait 5% | eta 5m27s
step  57400/60000 | total 0.6986 | post 0.5879 | det 0.1107 | 2108 lc/s | wait 5% | eta 5m15s
step  57500/60000 | total 0.7027 | post 0.6039 | det 0.0987 | 2086 lc/s | wait 5% | eta 5m06s
step  57600/60000 | total 0.9127 | post 0.8114 | det 0.1013 | 2030 lc/s | wait 5% | eta 5m02s
step  57700/60000 | total 0.9020 | post 0.7852 | det 0.1168 | 2123 lc/s | wait 5% | eta 4m37s
step  57800/60000 | total 0.9308 | post 0.7635 | det 0.1673 | 2104 lc/s | wait 5% | eta 4m27s
step  57900/60000 | total 0.8734 | post 0.7450 | det 0.1285 | 2101 lc/s | wait 5% | eta 4m15s
  [val] post 0.8246 det 2.3738 acc 0.805 auc 0.884
step  58000/60000 | total 0.9986 | post 0.8715 | det 0.1271 | 1945 lc/s | wait 4% | eta 4m23s
step  58100/60000 | total 0.8574 | post 0.7827 | det 0.0747 | 2041 lc/s | wait 5% | eta 3m58s
step  58200/60000 | total 0.8753 | post 0.7851 | det 0.0902 | 2131 lc/s | wait 5% | eta 3m36s
step  58300/60000 | total 0.7657 | post 0.6574 | det 0.1083 | 2141 lc/s | wait 5% | eta 3m23s
step  58400/60000 | total 0.9472 | post 0.8122 | det 0.1350 | 2129 lc/s | wait 5% | eta 3m12s
step  58500/60000 | total 1.0132 | post 0.8778 | det 0.1354 | 2135 lc/s | wait 5% | eta 2m59s
step  58600/60000 | total 0.8513 | post 0.7285 | det 0.1228 | 2122 lc/s | wait 5% | eta 2m48s
step  58700/60000 | total 0.8579 | post 0.7872 | det 0.0708 | 2121 lc/s | wait 5% | eta 2m36s
step  58800/60000 | total 0.9260 | post 0.8165 | det 0.1095 | 2116 lc/s | wait 5% | eta 2m25s
step  58900/60000 | total 0.9024 | post 0.8140 | det 0.0884 | 2091 lc/s | wait 5% | eta 2m14s
step  59000/60000 | total 0.7588 | post 0.6524 | det 0.1064 | 2038 lc/s | wait 5% | eta 2m05s
step  59100/60000 | total 1.0312 | post 0.9313 | det 0.0999 | 1892 lc/s | wait 4% | eta 2m01s
step  59200/60000 | total 1.0057 | post 0.8887 | det 0.1170 | 2071 lc/s | wait 5% | eta 1m38s
step  59300/60000 | total 0.9137 | post 0.8537 | det 0.0599 | 2085 lc/s | wait 5% | eta 1m25s
step  59400/60000 | total 0.9027 | post 0.7914 | det 0.1113 | 2075 lc/s | wait 5% | eta 1m14s
step  59500/60000 | total 0.8804 | post 0.7806 | det 0.0998 | 2004 lc/s | wait 4% | eta 1m03s
step  59600/60000 | total 1.0684 | post 0.9102 | det 0.1581 | 1901 lc/s | wait 5% | eta 0m53s
step  59700/60000 | total 0.9953 | post 0.8739 | det 0.1214 | 2064 lc/s | wait 5% | eta 0m37s
step  59800/60000 | total 0.9379 | post 0.8351 | det 0.1028 | 2055 lc/s | wait 5% | eta 0m24s
step  59900/60000 | total 1.0186 | post 0.8790 | det 0.1396 | 2061 lc/s | wait 5% | eta 0m12s
  [val] post 0.7725 det 2.2680 acc 0.809 auc 0.883
done. checkpoints + logs in /workspace/TransitFlow/results/publishable_runs/mnras_seed0_20260719/run
training complete. best posterior val loss: 0.7666 | best detection val ROC-AUC: 0.946 | run_dir: /workspace/TransitFlow/results/publishable_runs/mnras_seed0_20260719/run
