$ /venv/main/bin/python scripts/build_noise_library.py --mission TESS --n-raw 18000 --out /workspace/noise_lib_full_03cca0a_cpu23_20260703_072020.npz --workers 4 --targets HD 10700 HD 197076 HD 1461 HD 36435 HD 101501 HD 26965 HD 32147 HD 40307 HD 20794 HD 85512 HD 7924 HD 136352 HD 190406 HD 131977 HD 10647
/venv/main/lib/python3.12/site-packages/lightkurve/prf/__init__.py:7: UserWarning: Warning: the tpfmodel submodule is not available without oktopus installed, which requires a current version of autograd. See #1452 for details.
  warnings.warn(
Warning: 30% (5884/19412) of the cadences will be ignored due to the quality mask (quality_bitmask=17087).
Warning: 30% (5873/19412) of the cadences will be ignored due to the quality mask (quality_bitmask=17087).
Warning: 30% (5876/19412) of the cadences will be ignored due to the quality mask (quality_bitmask=17087).
Warning: 30% (5875/19412) of the cadences will be ignored due to the quality mask (quality_bitmask=17087).
Warning: 30% (5872/19412) of the cadences will be ignored due to the quality mask (quality_bitmask=17087).
Warning: 30% (5874/19412) of the cadences will be ignored due to the quality mask (quality_bitmask=17087).
downloading HD 10700 (TESS) ...
  HD 10700: 3 segments from 57587 cadences
downloading HD 197076 (TESS) ...
  HD 197076: 3 segments from 67883 cadences
downloading HD 1461 (TESS) ...
  HD 1461: 2 segments from 38865 cadences
downloading HD 36435 (TESS) ...
  HD 36435: 37 segments from 671094 cadences
downloading HD 101501 (TESS) ...
  HD 101501: 1 segments from 29314 cadences
downloading HD 26965 (TESS) ...
  HD 26965: 1 segments from 34601 cadences
downloading HD 32147 (TESS) ...
  HD 32147: 3 segments from 60325 cadences
downloading HD 40307 (TESS) ...
  HD 40307: 38 segments from 690155 cadences
downloading HD 20794 (TESS) ...
  HD 20794: 5 segments from 92293 cadences
downloading HD 85512 (TESS) ...
  HD 85512: 6 segments from 117103 cadences
downloading HD 7924 (TESS) ...
  HD 7924: 8 segments from 149243 cadences
downloading HD 136352 (TESS) ...
  HD 136352: 4 segments from 82782 cadences
downloading HD 190406 (TESS) ...
  HD 190406: 1 segments from 34686 cadences
downloading HD 131977 (TESS) ...
  HD 131977: 0 segments from 11705 cadences
downloading HD 10647 (TESS) ...
  HD 10647: 4 segments from 77800 cadences
wrote 116 segments of length 18000 -> /workspace/noise_lib_full_03cca0a_cpu23_20260703_072020.npz
