$ /venv/main/bin/python scripts/train.py --config configs/publishable.yaml --run-dir /dev/shm/tf_full_03cca0a_cpu23_20260703_072020_run --data-dir /dev/shm/tf_full_03cca0a_cpu23_20260703_072020_data --expect-device cuda --no-preflight
device=cuda  params=4,176,422  head=fmpe  run_dir=/dev/shm/tf_full_03cca0a_cpu23_20260703_072020_run
step      0/60000 | total 2.9058 | post 2.2097 | det 0.6961 | 0 lc/s | wait 0% | eta 16666666h40m00s
step    100/60000 | total 2.0591 | post 1.6855 | det 0.3736 | 5582 lc/s | wait 5% | eta 45m47s
step    200/60000 | total 1.5242 | post 1.3580 | det 0.1662 | 5781 lc/s | wait 6% | eta 44m08s
step    300/60000 | total 1.4463 | post 1.2696 | det 0.1767 | 5688 lc/s | wait 5% | eta 44m47s
step    400/60000 | total 1.2406 | post 1.1077 | det 0.1329 | 5707 lc/s | wait 5% | eta 44m33s
step    500/60000 | total 1.1402 | post 0.9887 | det 0.1515 | 5589 lc/s | wait 5% | eta 45m25s
step    600/60000 | total 1.0903 | post 0.9956 | det 0.0947 | 5690 lc/s | wait 5% | eta 44m32s
step    700/60000 | total 1.0302 | post 0.9367 | det 0.0935 | 5552 lc/s | wait 5% | eta 45m34s
step    800/60000 | total 1.0709 | post 0.9251 | det 0.1459 | 5592 lc/s | wait 5% | eta 45m09s
step    900/60000 | total 0.9333 | post 0.8425 | det 0.0908 | 5640 lc/s | wait 5% | eta 44m42s
step   1000/60000 | total 0.9325 | post 0.8642 | det 0.0683 | 5643 lc/s | wait 5% | eta 44m36s
step   1100/60000 | total 0.9884 | post 0.9087 | det 0.0798 | 5604 lc/s | wait 5% | eta 44m50s
step   1200/60000 | total 1.0035 | post 0.9214 | det 0.0821 | 5490 lc/s | wait 5% | eta 45m41s
step   1300/60000 | total 0.9644 | post 0.8764 | det 0.0880 | 5706 lc/s | wait 5% | eta 43m53s
step   1400/60000 | total 0.9079 | post 0.8538 | det 0.0541 | 5612 lc/s | wait 5% | eta 44m33s
step   1500/60000 | total 0.9668 | post 0.9160 | det 0.0508 | 5495 lc/s | wait 5% | eta 45m25s
step   1600/60000 | total 0.8066 | post 0.7217 | det 0.0849 | 5626 lc/s | wait 5% | eta 44m17s
step   1700/60000 | total 0.8674 | post 0.8206 | det 0.0467 | 5629 lc/s | wait 5% | eta 44m11s
step   1800/60000 | total 0.7974 | post 0.7571 | det 0.0403 | 5521 lc/s | wait 5% | eta 44m58s
step   1900/60000 | total 1.0464 | post 0.9670 | det 0.0794 | 5648 lc/s | wait 5% | eta 43m53s
  [val] post 0.8991 det 0.0956 acc 0.959 auc 0.995
step   2000/60000 | total 0.8851 | post 0.7708 | det 0.1143 | 280 lc/s | wait 0% | eta 14h42m48s
step   2100/60000 | total 0.7757 | post 0.7424 | det 0.0333 | 5687 lc/s | wait 5% | eta 43m26s
step   2200/60000 | total 0.8524 | post 0.7674 | det 0.0850 | 5713 lc/s | wait 5% | eta 43m10s
step   2300/60000 | total 0.7970 | post 0.7450 | det 0.0520 | 5738 lc/s | wait 6% | eta 42m54s
step   2400/60000 | total 0.9087 | post 0.8690 | det 0.0397 | 5691 lc/s | wait 5% | eta 43m10s
step   2500/60000 | total 0.8663 | post 0.7824 | det 0.0839 | 5761 lc/s | wait 5% | eta 42m35s
step   2600/60000 | total 0.9481 | post 0.8948 | det 0.0533 | 5679 lc/s | wait 5% | eta 43m07s
step   2700/60000 | total 0.8485 | post 0.7854 | det 0.0630 | 5800 lc/s | wait 5% | eta 42m09s
step   2800/60000 | total 0.8863 | post 0.8142 | det 0.0721 | 5689 lc/s | wait 5% | eta 42m54s
step   2900/60000 | total 0.9181 | post 0.8263 | det 0.0918 | 5743 lc/s | wait 5% | eta 42m25s
step   3000/60000 | total 0.9611 | post 0.8831 | det 0.0780 | 5637 lc/s | wait 5% | eta 43m08s
step   3100/60000 | total 0.8905 | post 0.8337 | det 0.0568 | 5662 lc/s | wait 5% | eta 42m52s
step   3200/60000 | total 0.8807 | post 0.8104 | det 0.0703 | 5605 lc/s | wait 5% | eta 43m14s
step   3300/60000 | total 0.7798 | post 0.7578 | det 0.0220 | 5659 lc/s | wait 5% | eta 42m45s
step   3400/60000 | total 0.7494 | post 0.7139 | det 0.0355 | 5612 lc/s | wait 5% | eta 43m01s
step   3500/60000 | total 0.8384 | post 0.7335 | det 0.1049 | 5609 lc/s | wait 5% | eta 42m58s
step   3600/60000 | total 0.7218 | post 0.6644 | det 0.0574 | 5657 lc/s | wait 5% | eta 42m32s
step   3700/60000 | total 0.8313 | post 0.7728 | det 0.0585 | 5624 lc/s | wait 5% | eta 42m42s
step   3800/60000 | total 0.8650 | post 0.7650 | det 0.0999 | 5616 lc/s | wait 5% | eta 42m41s
step   3900/60000 | total 0.7047 | post 0.6595 | det 0.0452 | 5704 lc/s | wait 5% | eta 41m57s
  [val] post 0.8058 det 0.1059 acc 0.956 auc 0.994
step   4000/60000 | total 0.7659 | post 0.6855 | det 0.0804 | 301 lc/s | wait 0% | eta 13h14m27s
step   4100/60000 | total 0.8395 | post 0.8010 | det 0.0385 | 5468 lc/s | wait 5% | eta 43m37s
step   4200/60000 | total 0.8938 | post 0.8449 | det 0.0489 | 5497 lc/s | wait 5% | eta 43m18s
step   4300/60000 | total 0.8144 | post 0.7661 | det 0.0483 | 5841 lc/s | wait 5% | eta 40m41s
step   4400/60000 | total 0.9014 | post 0.8403 | det 0.0611 | 5639 lc/s | wait 5% | eta 42m04s
step   4500/60000 | total 0.8211 | post 0.7781 | det 0.0430 | 5768 lc/s | wait 5% | eta 41m03s
step   4600/60000 | total 0.8288 | post 0.7808 | det 0.0480 | 5791 lc/s | wait 5% | eta 40m49s
step   4700/60000 | total 0.7313 | post 0.6788 | det 0.0524 | 5630 lc/s | wait 5% | eta 41m54s
step   4800/60000 | total 0.8782 | post 0.8259 | det 0.0522 | 5690 lc/s | wait 5% | eta 41m23s
step   4900/60000 | total 0.8645 | post 0.8230 | det 0.0416 | 5610 lc/s | wait 5% | eta 41m54s
step   5000/60000 | total 0.7773 | post 0.7563 | det 0.0210 | 5738 lc/s | wait 5% | eta 40m53s
step   5100/60000 | total 0.6712 | post 0.6319 | det 0.0393 | 5709 lc/s | wait 5% | eta 41m01s
step   5200/60000 | total 0.7288 | post 0.7079 | det 0.0210 | 5650 lc/s | wait 5% | eta 41m23s
step   5300/60000 | total 0.9025 | post 0.8280 | det 0.0745 | 5840 lc/s | wait 5% | eta 39m57s
step   5400/60000 | total 0.7762 | post 0.7403 | det 0.0359 | 5777 lc/s | wait 5% | eta 40m19s
step   5500/60000 | total 0.9033 | post 0.8615 | det 0.0418 | 5675 lc/s | wait 5% | eta 40m58s
step   5600/60000 | total 0.7597 | post 0.7022 | det 0.0575 | 5776 lc/s | wait 5% | eta 40m10s
step   5700/60000 | total 0.8183 | post 0.7745 | det 0.0438 | 5742 lc/s | wait 5% | eta 40m20s
step   5800/60000 | total 0.7515 | post 0.7118 | det 0.0397 | 5634 lc/s | wait 5% | eta 41m02s
step   5900/60000 | total 0.7759 | post 0.7385 | det 0.0374 | 5557 lc/s | wait 5% | eta 41m32s
  [val] post 0.8101 det 0.0846 acc 0.967 auc 0.995
step   6000/60000 | total 0.8525 | post 0.8111 | det 0.0414 | 298 lc/s | wait 0% | eta 12h53m41s
step   6100/60000 | total 0.8469 | post 0.8171 | det 0.0298 | 5565 lc/s | wait 5% | eta 41m19s
step   6200/60000 | total 0.7580 | post 0.7035 | det 0.0544 | 5691 lc/s | wait 5% | eta 40m20s
step   6300/60000 | total 0.8340 | post 0.7870 | det 0.0471 | 5465 lc/s | wait 5% | eta 41m55s
step   6400/60000 | total 0.8891 | post 0.8238 | det 0.0653 | 5542 lc/s | wait 5% | eta 41m16s
step   6500/60000 | total 0.7462 | post 0.7177 | det 0.0285 | 5609 lc/s | wait 5% | eta 40m41s
step   6600/60000 | total 0.8976 | post 0.8594 | det 0.0383 | 5692 lc/s | wait 5% | eta 40m01s
step   6700/60000 | total 0.7751 | post 0.7463 | det 0.0289 | 5652 lc/s | wait 5% | eta 40m14s
step   6800/60000 | total 0.7253 | post 0.6830 | det 0.0424 | 5669 lc/s | wait 5% | eta 40m02s
step   6900/60000 | total 0.7922 | post 0.7567 | det 0.0356 | 5632 lc/s | wait 5% | eta 40m13s
step   7000/60000 | total 0.7938 | post 0.7678 | det 0.0260 | 5613 lc/s | wait 5% | eta 40m17s
step   7100/60000 | total 0.6936 | post 0.6500 | det 0.0436 | 5830 lc/s | wait 5% | eta 38m42s
step   7200/60000 | total 0.6838 | post 0.6175 | det 0.0663 | 5764 lc/s | wait 5% | eta 39m05s
step   7300/60000 | total 0.7717 | post 0.7544 | det 0.0173 | 6133 lc/s | wait 6% | eta 36m39s
step   7400/60000 | total 0.7990 | post 0.7129 | det 0.0861 | 5870 lc/s | wait 5% | eta 38m13s
step   7500/60000 | total 0.7726 | post 0.7266 | det 0.0460 | 6166 lc/s | wait 6% | eta 36m19s
step   7600/60000 | total 0.7547 | post 0.7339 | det 0.0208 | 5829 lc/s | wait 5% | eta 38m21s
step   7700/60000 | total 0.7571 | post 0.7322 | det 0.0250 | 5752 lc/s | wait 6% | eta 38m47s
step   7800/60000 | total 0.8803 | post 0.8138 | det 0.0664 | 5651 lc/s | wait 5% | eta 39m24s
step   7900/60000 | total 0.7303 | post 0.6966 | det 0.0337 | 5699 lc/s | wait 5% | eta 39m00s
  [val] post 0.7782 det 0.0960 acc 0.966 auc 0.994
step   8000/60000 | total 0.6548 | post 0.6383 | det 0.0164 | 295 lc/s | wait 0% | eta 12h31m12s
step   8100/60000 | total 0.7763 | post 0.7317 | det 0.0446 | 6408 lc/s | wait 6% | eta 34m33s
step   8200/60000 | total 0.7615 | post 0.7305 | det 0.0309 | 6265 lc/s | wait 6% | eta 35m16s
step   8300/60000 | total 0.7632 | post 0.6578 | det 0.1054 | 5741 lc/s | wait 5% | eta 38m25s
step   8400/60000 | total 0.7415 | post 0.6781 | det 0.0634 | 5744 lc/s | wait 5% | eta 38m19s
step   8500/60000 | total 0.7777 | post 0.7352 | det 0.0425 | 5449 lc/s | wait 5% | eta 40m19s
step   8600/60000 | total 0.7586 | post 0.7269 | det 0.0317 | 5555 lc/s | wait 5% | eta 39m28s
step   8700/60000 | total 0.8461 | post 0.8057 | det 0.0404 | 5653 lc/s | wait 5% | eta 38m43s
step   8800/60000 | total 0.7966 | post 0.7349 | det 0.0617 | 5601 lc/s | wait 5% | eta 39m00s
step   8900/60000 | total 0.7866 | post 0.7696 | det 0.0170 | 5661 lc/s | wait 5% | eta 38m30s
step   9000/60000 | total 0.7585 | post 0.6980 | det 0.0604 | 5556 lc/s | wait 5% | eta 39m09s
step   9100/60000 | total 0.7842 | post 0.7412 | det 0.0430 | 5459 lc/s | wait 5% | eta 39m46s
step   9200/60000 | total 0.6445 | post 0.6300 | det 0.0145 | 5534 lc/s | wait 5% | eta 39m09s
step   9300/60000 | total 0.8033 | post 0.7343 | det 0.0691 | 5640 lc/s | wait 5% | eta 38m21s
step   9400/60000 | total 0.6711 | post 0.6298 | det 0.0413 | 5532 lc/s | wait 5% | eta 39m01s
step   9500/60000 | total 0.7189 | post 0.6713 | det 0.0476 | 5516 lc/s | wait 5% | eta 39m03s
step   9600/60000 | total 0.7777 | post 0.7394 | det 0.0382 | 5561 lc/s | wait 5% | eta 38m40s
step   9700/60000 | total 0.7930 | post 0.7672 | det 0.0258 | 5844 lc/s | wait 5% | eta 36m43s
step   9800/60000 | total 0.7815 | post 0.7544 | det 0.0271 | 5536 lc/s | wait 5% | eta 38m41s
step   9900/60000 | total 0.7003 | post 0.6858 | det 0.0145 | 5671 lc/s | wait 5% | eta 37m41s
  [val] post 0.7768 det 0.0896 acc 0.964 auc 0.995
step  10000/60000 | total 0.7190 | post 0.6637 | det 0.0553 | 302 lc/s | wait 0% | eta 11h47m23s
step  10100/60000 | total 0.8057 | post 0.7335 | det 0.0722 | 5734 lc/s | wait 5% | eta 37m07s
step  10200/60000 | total 0.7936 | post 0.7553 | det 0.0384 | 5639 lc/s | wait 5% | eta 37m40s
step  10300/60000 | total 0.6908 | post 0.6563 | det 0.0344 | 5675 lc/s | wait 5% | eta 37m21s
step  10400/60000 | total 0.7568 | post 0.7008 | det 0.0559 | 5544 lc/s | wait 5% | eta 38m10s
step  10500/60000 | total 0.7698 | post 0.7376 | det 0.0322 | 5550 lc/s | wait 5% | eta 38m03s
step  10600/60000 | total 0.7573 | post 0.7187 | det 0.0386 | 5634 lc/s | wait 5% | eta 37m24s
step  10700/60000 | total 0.7587 | post 0.7251 | det 0.0335 | 5713 lc/s | wait 5% | eta 36m49s
step  10800/60000 | total 0.7413 | post 0.7039 | det 0.0374 | 5562 lc/s | wait 5% | eta 37m44s
step  10900/60000 | total 0.7186 | post 0.6785 | det 0.0402 | 5636 lc/s | wait 5% | eta 37m10s
step  11000/60000 | total 0.7208 | post 0.6978 | det 0.0230 | 5626 lc/s | wait 5% | eta 37m09s
step  11100/60000 | total 0.7746 | post 0.7182 | det 0.0564 | 5512 lc/s | wait 5% | eta 37m51s
step  11200/60000 | total 0.7323 | post 0.6980 | det 0.0343 | 5628 lc/s | wait 5% | eta 36m59s
step  11300/60000 | total 0.7898 | post 0.7478 | det 0.0420 | 5649 lc/s | wait 5% | eta 36m47s
step  11400/60000 | total 0.7945 | post 0.7601 | det 0.0344 | 5551 lc/s | wait 5% | eta 37m21s
step  11500/60000 | total 0.7538 | post 0.7215 | det 0.0323 | 5504 lc/s | wait 5% | eta 37m35s
step  11600/60000 | total 0.7969 | post 0.7625 | det 0.0344 | 5731 lc/s | wait 5% | eta 36m01s
step  11700/60000 | total 0.7412 | post 0.6296 | det 0.1116 | 5518 lc/s | wait 5% | eta 37m20s
step  11800/60000 | total 0.8997 | post 0.8400 | det 0.0597 | 5469 lc/s | wait 5% | eta 37m36s
step  11900/60000 | total 0.7214 | post 0.6868 | det 0.0346 | 5687 lc/s | wait 5% | eta 36m05s
  [val] post 0.8126 det 0.0947 acc 0.963 auc 0.994
step  12000/60000 | total 0.6760 | post 0.6310 | det 0.0451 | 307 lc/s | wait 0% | eta 11h08m05s
step  12100/60000 | total 0.6809 | post 0.6280 | det 0.0529 | 5663 lc/s | wait 5% | eta 36m05s
step  12200/60000 | total 0.7417 | post 0.7027 | det 0.0390 | 5465 lc/s | wait 5% | eta 37m19s
step  12300/60000 | total 0.7559 | post 0.7232 | det 0.0327 | 5599 lc/s | wait 5% | eta 36m20s
step  12400/60000 | total 0.8134 | post 0.7812 | det 0.0322 | 5752 lc/s | wait 5% | eta 35m18s
step  12500/60000 | total 0.7143 | post 0.6949 | det 0.0195 | 5595 lc/s | wait 5% | eta 36m13s
step  12600/60000 | total 0.7002 | post 0.6783 | det 0.0219 | 5565 lc/s | wait 5% | eta 36m20s
step  12700/60000 | total 0.8214 | post 0.7740 | det 0.0474 | 5561 lc/s | wait 5% | eta 36m17s
step  12800/60000 | total 0.7248 | post 0.6796 | det 0.0452 | 5571 lc/s | wait 5% | eta 36m08s
step  12900/60000 | total 0.7598 | post 0.7472 | det 0.0126 | 5532 lc/s | wait 5% | eta 36m19s
step  13000/60000 | total 0.6720 | post 0.6405 | det 0.0315 | 5650 lc/s | wait 5% | eta 35m29s
step  13100/60000 | total 0.8113 | post 0.7814 | det 0.0298 | 5664 lc/s | wait 5% | eta 35m19s
step  13200/60000 | total 0.6778 | post 0.6517 | det 0.0261 | 5642 lc/s | wait 5% | eta 35m23s
step  13300/60000 | total 0.7801 | post 0.7168 | det 0.0633 | 5687 lc/s | wait 5% | eta 35m02s
step  13400/60000 | total 0.6808 | post 0.6683 | det 0.0125 | 5574 lc/s | wait 5% | eta 35m40s
step  13500/60000 | total 0.6760 | post 0.6510 | det 0.0250 | 5609 lc/s | wait 5% | eta 35m22s
step  13600/60000 | total 0.6584 | post 0.6502 | det 0.0082 | 5526 lc/s | wait 5% | eta 35m49s
step  13700/60000 | total 0.7963 | post 0.7612 | det 0.0351 | 5696 lc/s | wait 5% | eta 34m40s
step  13800/60000 | total 0.7079 | post 0.6859 | det 0.0219 | 5723 lc/s | wait 5% | eta 34m26s
step  13900/60000 | total 0.7381 | post 0.7295 | det 0.0086 | 5619 lc/s | wait 5% | eta 35m00s
  [val] post 0.7969 det 0.0806 acc 0.971 auc 0.996
step  14000/60000 | total 0.6818 | post 0.6621 | det 0.0197 | 300 lc/s | wait 0% | eta 10h53m49s
step  14100/60000 | total 0.7235 | post 0.6704 | det 0.0531 | 5519 lc/s | wait 5% | eta 35m29s
step  14200/60000 | total 0.7798 | post 0.7452 | det 0.0346 | 5776 lc/s | wait 5% | eta 33m49s
step  14300/60000 | total 0.7425 | post 0.6897 | det 0.0528 | 5793 lc/s | wait 5% | eta 33m39s
step  14400/60000 | total 0.6871 | post 0.6569 | det 0.0302 | 5658 lc/s | wait 5% | eta 34m23s
step  14500/60000 | total 0.7416 | post 0.7186 | det 0.0230 | 5538 lc/s | wait 5% | eta 35m03s
step  14600/60000 | total 0.7036 | post 0.6434 | det 0.0602 | 5578 lc/s | wait 5% | eta 34m43s
step  14700/60000 | total 0.6586 | post 0.6154 | det 0.0433 | 5349 lc/s | wait 5% | eta 36m07s
step  14800/60000 | total 0.7311 | post 0.6900 | det 0.0411 | 5615 lc/s | wait 5% | eta 34m20s
step  14900/60000 | total 0.6966 | post 0.6563 | det 0.0403 | 5724 lc/s | wait 5% | eta 33m37s
step  15000/60000 | total 0.6331 | post 0.6245 | det 0.0086 | 5652 lc/s | wait 5% | eta 33m58s
step  15100/60000 | total 0.7213 | post 0.6877 | det 0.0336 | 5395 lc/s | wait 5% | eta 35m30s
step  15200/60000 | total 0.7721 | post 0.7393 | det 0.0328 | 5550 lc/s | wait 5% | eta 34m26s
step  15300/60000 | total 0.7160 | post 0.6699 | det 0.0461 | 5518 lc/s | wait 5% | eta 34m33s
step  15400/60000 | total 0.8486 | post 0.8055 | det 0.0432 | 5647 lc/s | wait 5% | eta 33m41s
step  15500/60000 | total 0.6603 | post 0.6289 | det 0.0314 | 5654 lc/s | wait 5% | eta 33m34s
step  15600/60000 | total 0.6418 | post 0.6184 | det 0.0234 | 5559 lc/s | wait 5% | eta 34m04s
step  15700/60000 | total 0.7174 | post 0.6860 | det 0.0314 | 5534 lc/s | wait 5% | eta 34m09s
step  15800/60000 | total 0.6827 | post 0.6574 | det 0.0253 | 5621 lc/s | wait 5% | eta 33m33s
step  15900/60000 | total 0.7006 | post 0.6744 | det 0.0262 | 5630 lc/s | wait 5% | eta 33m25s
  [val] post 0.7567 det 0.0754 acc 0.975 auc 0.996
step  16000/60000 | total 0.7243 | post 0.7047 | det 0.0195 | 304 lc/s | wait 0% | eta 10h17m59s
step  16100/60000 | total 0.8090 | post 0.7846 | det 0.0244 | 5854 lc/s | wait 6% | eta 31m59s
step  16200/60000 | total 0.7290 | post 0.7058 | det 0.0232 | 5630 lc/s | wait 5% | eta 33m11s
step  16300/60000 | total 0.7403 | post 0.6626 | det 0.0777 | 5876 lc/s | wait 5% | eta 31m44s
step  16400/60000 | total 0.7124 | post 0.6838 | det 0.0286 | 5672 lc/s | wait 5% | eta 32m47s
step  16500/60000 | total 0.6529 | post 0.6404 | det 0.0125 | 5742 lc/s | wait 5% | eta 32m19s
step  16600/60000 | total 0.6841 | post 0.6469 | det 0.0372 | 5558 lc/s | wait 5% | eta 33m18s
step  16700/60000 | total 0.6341 | post 0.5868 | det 0.0473 | 5625 lc/s | wait 5% | eta 32m50s
step  16800/60000 | total 0.6165 | post 0.5956 | det 0.0209 | 5770 lc/s | wait 5% | eta 31m56s
step  16900/60000 | total 0.6595 | post 0.6284 | det 0.0312 | 5694 lc/s | wait 5% | eta 32m17s
step  17000/60000 | total 0.7184 | post 0.6658 | det 0.0526 | 5585 lc/s | wait 5% | eta 32m51s
step  17100/60000 | total 0.6059 | post 0.5510 | det 0.0549 | 5578 lc/s | wait 5% | eta 32m48s
step  17200/60000 | total 0.7062 | post 0.6528 | det 0.0534 | 5689 lc/s | wait 5% | eta 32m06s
step  17300/60000 | total 0.6897 | post 0.6680 | det 0.0217 | 5754 lc/s | wait 5% | eta 31m39s
step  17400/60000 | total 0.8284 | post 0.8003 | det 0.0280 | 5712 lc/s | wait 5% | eta 31m49s
step  17500/60000 | total 0.7358 | post 0.7188 | det 0.0170 | 5629 lc/s | wait 5% | eta 32m12s
step  17600/60000 | total 0.7137 | post 0.6758 | det 0.0380 | 5677 lc/s | wait 5% | eta 31m52s
step  17700/60000 | total 0.7219 | post 0.6533 | det 0.0687 | 5642 lc/s | wait 5% | eta 31m59s
step  17800/60000 | total 0.6668 | post 0.6426 | det 0.0241 | 5701 lc/s | wait 5% | eta 31m35s
step  17900/60000 | total 0.8047 | post 0.7819 | det 0.0228 | 5616 lc/s | wait 5% | eta 31m59s
  [val] post 0.7640 det 0.0784 acc 0.967 auc 0.996
step  18000/60000 | total 0.6866 | post 0.6696 | det 0.0170 | 302 lc/s | wait 0% | eta 9h52m41s
step  18100/60000 | total 0.7387 | post 0.6858 | det 0.0529 | 6176 lc/s | wait 6% | eta 28m56s
step  18200/60000 | total 0.7117 | post 0.6780 | det 0.0337 | 6473 lc/s | wait 6% | eta 27m33s
step  18300/60000 | total 0.6758 | post 0.6342 | det 0.0416 | 5517 lc/s | wait 5% | eta 32m15s
step  18400/60000 | total 0.8154 | post 0.7893 | det 0.0261 | 5469 lc/s | wait 5% | eta 32m27s
step  18500/60000 | total 0.7969 | post 0.7554 | det 0.0415 | 5525 lc/s | wait 5% | eta 32m02s
step  18600/60000 | total 0.7032 | post 0.6946 | det 0.0086 | 5578 lc/s | wait 5% | eta 31m39s
step  18700/60000 | total 0.6407 | post 0.6299 | det 0.0108 | 5717 lc/s | wait 5% | eta 30m49s
step  18800/60000 | total 0.7202 | post 0.6745 | det 0.0457 | 5432 lc/s | wait 5% | eta 32m21s
step  18900/60000 | total 0.6752 | post 0.6404 | det 0.0347 | 5640 lc/s | wait 5% | eta 31m05s
step  19000/60000 | total 0.8118 | post 0.7624 | det 0.0494 | 5647 lc/s | wait 5% | eta 30m58s
step  19100/60000 | total 0.6975 | post 0.6556 | det 0.0419 | 5638 lc/s | wait 5% | eta 30m57s
step  19200/60000 | total 0.6944 | post 0.6776 | det 0.0168 | 5611 lc/s | wait 5% | eta 31m01s
step  19300/60000 | total 0.7110 | post 0.6695 | det 0.0414 | 5500 lc/s | wait 5% | eta 31m34s
step  19400/60000 | total 0.7030 | post 0.6345 | det 0.0685 | 6375 lc/s | wait 6% | eta 27m10s
step  19500/60000 | total 0.5993 | post 0.5809 | det 0.0184 | 6427 lc/s | wait 6% | eta 26m53s
step  19600/60000 | total 0.5907 | post 0.5612 | det 0.0295 | 6394 lc/s | wait 6% | eta 26m57s
step  19700/60000 | total 0.7392 | post 0.6910 | det 0.0482 | 6384 lc/s | wait 6% | eta 26m56s
step  19800/60000 | total 0.7127 | post 0.6718 | det 0.0409 | 6459 lc/s | wait 6% | eta 26m33s
step  19900/60000 | total 0.7093 | post 0.6826 | det 0.0267 | 6485 lc/s | wait 6% | eta 26m23s
  [val] post 0.7265 det 0.0804 acc 0.971 auc 0.995
step  20000/60000 | total 0.7257 | post 0.6806 | det 0.0451 | 306 lc/s | wait 0% | eta 9h17m29s
step  20100/60000 | total 0.6775 | post 0.6522 | det 0.0253 | 5590 lc/s | wait 5% | eta 30m27s
step  20200/60000 | total 0.6909 | post 0.6766 | det 0.0143 | 5537 lc/s | wait 5% | eta 30m39s
step  20300/60000 | total 0.7810 | post 0.7459 | det 0.0351 | 5758 lc/s | wait 5% | eta 29m24s
step  20400/60000 | total 0.7808 | post 0.7145 | det 0.0663 | 5522 lc/s | wait 5% | eta 30m35s
step  20500/60000 | total 0.6208 | post 0.6051 | det 0.0158 | 5453 lc/s | wait 5% | eta 30m54s
step  20600/60000 | total 0.6972 | post 0.6559 | det 0.0413 | 5592 lc/s | wait 5% | eta 30m03s
step  20700/60000 | total 0.6482 | post 0.6160 | det 0.0322 | 5690 lc/s | wait 5% | eta 29m28s
step  20800/60000 | total 0.7115 | post 0.6714 | det 0.0401 | 5688 lc/s | wait 5% | eta 29m24s
step  20900/60000 | total 0.7172 | post 0.7049 | det 0.0124 | 5716 lc/s | wait 5% | eta 29m11s
step  21000/60000 | total 0.6316 | post 0.6031 | det 0.0285 | 5550 lc/s | wait 5% | eta 29m58s
step  21100/60000 | total 0.7663 | post 0.6757 | det 0.0905 | 5659 lc/s | wait 5% | eta 29m19s
step  21200/60000 | total 0.6658 | post 0.6385 | det 0.0274 | 5423 lc/s | wait 5% | eta 30m31s
step  21300/60000 | total 0.7447 | post 0.7119 | det 0.0328 | 5580 lc/s | wait 5% | eta 29m35s
step  21400/60000 | total 0.8818 | post 0.8523 | det 0.0294 | 5465 lc/s | wait 5% | eta 30m08s
step  21500/60000 | total 0.6992 | post 0.6670 | det 0.0322 | 5680 lc/s | wait 5% | eta 28m55s
step  21600/60000 | total 0.6901 | post 0.6672 | det 0.0229 | 5701 lc/s | wait 5% | eta 28m44s
step  21700/60000 | total 0.7738 | post 0.7373 | det 0.0365 | 5620 lc/s | wait 5% | eta 29m04s
step  21800/60000 | total 0.7460 | post 0.7329 | det 0.0132 | 5490 lc/s | wait 5% | eta 29m41s
step  21900/60000 | total 0.7038 | post 0.6817 | det 0.0220 | 5514 lc/s | wait 5% | eta 29m28s
  [val] post 0.7714 det 0.0807 acc 0.969 auc 0.995
step  22000/60000 | total 0.6837 | post 0.6541 | det 0.0296 | 308 lc/s | wait 0% | eta 8h47m06s
step  22100/60000 | total 0.6036 | post 0.5885 | det 0.0151 | 5483 lc/s | wait 5% | eta 29m29s
step  22200/60000 | total 0.6502 | post 0.6268 | det 0.0234 | 5492 lc/s | wait 5% | eta 29m22s
step  22300/60000 | total 0.6140 | post 0.5571 | det 0.0568 | 5545 lc/s | wait 5% | eta 29m00s
step  22400/60000 | total 0.6040 | post 0.5913 | det 0.0127 | 5546 lc/s | wait 5% | eta 28m55s
step  22500/60000 | total 0.6885 | post 0.6480 | det 0.0405 | 5557 lc/s | wait 5% | eta 28m47s
step  22600/60000 | total 0.6176 | post 0.5850 | det 0.0326 | 5522 lc/s | wait 5% | eta 28m54s
step  22700/60000 | total 0.7452 | post 0.7145 | det 0.0307 | 5614 lc/s | wait 5% | eta 28m20s
step  22800/60000 | total 0.6376 | post 0.6004 | det 0.0372 | 5600 lc/s | wait 5% | eta 28m20s
step  22900/60000 | total 0.7903 | post 0.7283 | det 0.0619 | 5496 lc/s | wait 5% | eta 28m47s
step  23000/60000 | total 0.7921 | post 0.7671 | det 0.0250 | 5409 lc/s | wait 5% | eta 29m11s
step  23100/60000 | total 0.7526 | post 0.7284 | det 0.0241 | 5838 lc/s | wait 6% | eta 26m58s
step  23200/60000 | total 0.7707 | post 0.7327 | det 0.0379 | 5482 lc/s | wait 5% | eta 28m38s
step  23300/60000 | total 0.6939 | post 0.6499 | det 0.0440 | 5457 lc/s | wait 5% | eta 28m41s
step  23400/60000 | total 0.6713 | post 0.6498 | det 0.0216 | 5629 lc/s | wait 5% | eta 27m44s
step  23500/60000 | total 0.6370 | post 0.6093 | det 0.0277 | 5497 lc/s | wait 5% | eta 28m19s
step  23600/60000 | total 0.6249 | post 0.5927 | det 0.0322 | 5456 lc/s | wait 5% | eta 28m28s
step  23700/60000 | total 0.5862 | post 0.5644 | det 0.0217 | 5495 lc/s | wait 5% | eta 28m11s
step  23800/60000 | total 0.7302 | post 0.6976 | det 0.0326 | 5662 lc/s | wait 5% | eta 27m16s
step  23900/60000 | total 0.6102 | post 0.5813 | det 0.0289 | 5558 lc/s | wait 5% | eta 27m42s
  [val] post 0.7410 det 0.0865 acc 0.966 auc 0.996
step  24000/60000 | total 0.7395 | post 0.7120 | det 0.0275 | 305 lc/s | wait 0% | eta 8h23m20s
step  24100/60000 | total 0.7151 | post 0.6914 | det 0.0237 | 5548 lc/s | wait 5% | eta 27m36s
step  24200/60000 | total 0.7280 | post 0.7176 | det 0.0104 | 5554 lc/s | wait 5% | eta 27m30s
step  24300/60000 | total 0.5913 | post 0.5695 | det 0.0218 | 5544 lc/s | wait 5% | eta 27m28s
step  24400/60000 | total 0.6165 | post 0.5920 | det 0.0246 | 5781 lc/s | wait 5% | eta 26m16s
step  24500/60000 | total 0.6729 | post 0.6475 | det 0.0254 | 5537 lc/s | wait 5% | eta 27m21s
step  24600/60000 | total 0.7037 | post 0.6757 | det 0.0280 | 5611 lc/s | wait 5% | eta 26m54s
step  24700/60000 | total 0.7949 | post 0.7699 | det 0.0250 | 5563 lc/s | wait 5% | eta 27m04s
step  24800/60000 | total 0.7622 | post 0.7027 | det 0.0595 | 5614 lc/s | wait 5% | eta 26m45s
step  24900/60000 | total 0.6635 | post 0.6336 | det 0.0299 | 5633 lc/s | wait 5% | eta 26m35s
step  25000/60000 | total 0.7606 | post 0.7222 | det 0.0384 | 5544 lc/s | wait 5% | eta 26m56s
step  25100/60000 | total 0.6137 | post 0.5908 | det 0.0229 | 5565 lc/s | wait 5% | eta 26m45s
step  25200/60000 | total 0.6548 | post 0.6200 | det 0.0348 | 5437 lc/s | wait 5% | eta 27m18s
step  25300/60000 | total 0.7005 | post 0.6814 | det 0.0190 | 5494 lc/s | wait 5% | eta 26m56s
step  25400/60000 | total 0.7278 | post 0.6961 | det 0.0317 | 5699 lc/s | wait 5% | eta 25m54s
step  25500/60000 | total 0.6819 | post 0.6547 | det 0.0273 | 5637 lc/s | wait 5% | eta 26m06s
step  25600/60000 | total 0.6620 | post 0.6273 | det 0.0347 | 5709 lc/s | wait 5% | eta 25m42s
step  25700/60000 | total 0.6961 | post 0.6199 | det 0.0763 | 5703 lc/s | wait 5% | eta 25m39s
step  25800/60000 | total 0.7206 | post 0.7078 | det 0.0128 | 5630 lc/s | wait 5% | eta 25m55s
step  25900/60000 | total 0.7469 | post 0.7127 | det 0.0342 | 5689 lc/s | wait 5% | eta 25m34s
  [val] post 0.7960 det 0.0813 acc 0.971 auc 0.995
step  26000/60000 | total 0.7414 | post 0.7009 | det 0.0405 | 302 lc/s | wait 0% | eta 8h01m03s
step  26100/60000 | total 0.6519 | post 0.6435 | det 0.0084 | 5711 lc/s | wait 5% | eta 25m19s
step  26200/60000 | total 0.6681 | post 0.6412 | det 0.0269 | 5514 lc/s | wait 5% | eta 26m09s
step  26300/60000 | total 0.6458 | post 0.6293 | det 0.0165 | 5673 lc/s | wait 5% | eta 25m20s
step  26400/60000 | total 0.6785 | post 0.6704 | det 0.0081 | 5623 lc/s | wait 5% | eta 25m29s
step  26500/60000 | total 0.6292 | post 0.5732 | det 0.0561 | 5563 lc/s | wait 5% | eta 25m41s
step  26600/60000 | total 0.6534 | post 0.6409 | det 0.0125 | 5736 lc/s | wait 5% | eta 24m50s
step  26700/60000 | total 0.6432 | post 0.6006 | det 0.0426 | 5588 lc/s | wait 5% | eta 25m25s
step  26800/60000 | total 0.7162 | post 0.6881 | det 0.0281 | 5707 lc/s | wait 5% | eta 24m49s
step  26900/60000 | total 0.6271 | post 0.6086 | det 0.0185 | 5680 lc/s | wait 5% | eta 24m51s
step  27000/60000 | total 0.7260 | post 0.6718 | det 0.0541 | 5467 lc/s | wait 5% | eta 25m45s
step  27100/60000 | total 0.7463 | post 0.7215 | det 0.0248 | 5511 lc/s | wait 5% | eta 25m28s
step  27200/60000 | total 0.6705 | post 0.6445 | det 0.0260 | 5444 lc/s | wait 5% | eta 25m42s
step  27300/60000 | total 0.6950 | post 0.6566 | det 0.0384 | 5624 lc/s | wait 5% | eta 24m48s
step  27400/60000 | total 0.6691 | post 0.6157 | det 0.0534 | 5716 lc/s | wait 5% | eta 24m20s
step  27500/60000 | total 0.7015 | post 0.6950 | det 0.0065 | 5556 lc/s | wait 5% | eta 24m57s
step  27600/60000 | total 0.8158 | post 0.7562 | det 0.0596 | 5461 lc/s | wait 5% | eta 25m18s
step  27700/60000 | total 0.5661 | post 0.5504 | det 0.0157 | 5589 lc/s | wait 5% | eta 24m39s
step  27800/60000 | total 0.7475 | post 0.7232 | det 0.0243 | 5752 lc/s | wait 5% | eta 23m53s
step  27900/60000 | total 0.6996 | post 0.6535 | det 0.0461 | 5528 lc/s | wait 5% | eta 24m46s
  [val] post 0.7244 det 0.0799 acc 0.968 auc 0.996
step  28000/60000 | total 0.6074 | post 0.5323 | det 0.0751 | 303 lc/s | wait 0% | eta 7h30m21s
step  28100/60000 | total 0.7884 | post 0.7334 | det 0.0550 | 5626 lc/s | wait 5% | eta 24m11s
step  28200/60000 | total 0.7019 | post 0.6736 | det 0.0283 | 5748 lc/s | wait 5% | eta 23m36s
step  28300/60000 | total 0.6733 | post 0.6603 | det 0.0131 | 5639 lc/s | wait 5% | eta 23m59s
step  28400/60000 | total 0.5922 | post 0.5837 | det 0.0085 | 5578 lc/s | wait 5% | eta 24m10s
step  28500/60000 | total 0.6093 | post 0.5936 | det 0.0157 | 5639 lc/s | wait 5% | eta 23m50s
step  28600/60000 | total 0.7799 | post 0.7649 | det 0.0150 | 5567 lc/s | wait 5% | eta 24m04s
step  28700/60000 | total 0.6934 | post 0.6316 | det 0.0619 | 5577 lc/s | wait 5% | eta 23m56s
step  28800/60000 | total 0.5405 | post 0.5140 | det 0.0264 | 5688 lc/s | wait 5% | eta 23m24s
step  28900/60000 | total 0.6333 | post 0.6055 | det 0.0278 | 5609 lc/s | wait 5% | eta 23m39s
step  29000/60000 | total 0.7043 | post 0.6898 | det 0.0146 | 5471 lc/s | wait 5% | eta 24m10s
step  29100/60000 | total 0.6257 | post 0.5734 | det 0.0523 | 5467 lc/s | wait 5% | eta 24m07s
step  29200/60000 | total 0.6789 | post 0.6666 | det 0.0122 | 5525 lc/s | wait 5% | eta 23m47s
step  29300/60000 | total 0.7223 | post 0.6778 | det 0.0445 | 5481 lc/s | wait 5% | eta 23m53s
step  29400/60000 | total 0.7080 | post 0.6903 | det 0.0177 | 5634 lc/s | wait 5% | eta 23m10s
step  29500/60000 | total 0.6754 | post 0.6475 | det 0.0280 | 5647 lc/s | wait 5% | eta 23m02s
step  29600/60000 | total 0.6625 | post 0.6402 | det 0.0223 | 5429 lc/s | wait 5% | eta 23m53s
step  29700/60000 | total 0.6787 | post 0.6562 | det 0.0225 | 5525 lc/s | wait 5% | eta 23m23s
step  29800/60000 | total 0.5484 | post 0.5409 | det 0.0074 | 5663 lc/s | wait 5% | eta 22m45s
step  29900/60000 | total 0.6749 | post 0.6622 | det 0.0127 | 5612 lc/s | wait 5% | eta 22m52s
  [val] post 0.7142 det 0.0920 acc 0.966 auc 0.996
step  30000/60000 | total 0.6304 | post 0.6046 | det 0.0258 | 301 lc/s | wait 0% | eta 7h05m49s
step  30100/60000 | total 0.7033 | post 0.6726 | det 0.0307 | 5697 lc/s | wait 5% | eta 22m23s
step  30200/60000 | total 0.7813 | post 0.7706 | det 0.0107 | 5638 lc/s | wait 5% | eta 22m33s
step  30300/60000 | total 0.5146 | post 0.4941 | det 0.0205 | 5705 lc/s | wait 5% | eta 22m12s
step  30400/60000 | total 0.6353 | post 0.6251 | det 0.0102 | 5698 lc/s | wait 5% | eta 22m09s
step  30500/60000 | total 0.5643 | post 0.5494 | det 0.0149 | 5627 lc/s | wait 5% | eta 22m22s
step  30600/60000 | total 0.6468 | post 0.6345 | det 0.0123 | 5512 lc/s | wait 5% | eta 22m45s
step  30700/60000 | total 0.6490 | post 0.6163 | det 0.0327 | 5797 lc/s | wait 5% | eta 21m33s
step  30800/60000 | total 0.6717 | post 0.6576 | det 0.0141 | 5670 lc/s | wait 5% | eta 21m58s
step  30900/60000 | total 0.5944 | post 0.5819 | det 0.0125 | 5624 lc/s | wait 5% | eta 22m04s
step  31000/60000 | total 0.6458 | post 0.6367 | det 0.0091 | 5634 lc/s | wait 5% | eta 21m57s
step  31100/60000 | total 0.7469 | post 0.6993 | det 0.0476 | 5517 lc/s | wait 5% | eta 22m21s
step  31200/60000 | total 0.7232 | post 0.6953 | det 0.0279 | 5456 lc/s | wait 5% | eta 22m31s
step  31300/60000 | total 0.6378 | post 0.6299 | det 0.0080 | 5647 lc/s | wait 6% | eta 21m41s
step  31400/60000 | total 0.7014 | post 0.6699 | det 0.0315 | 5558 lc/s | wait 5% | eta 21m57s
step  31500/60000 | total 0.7521 | post 0.7469 | det 0.0052 | 5750 lc/s | wait 5% | eta 21m08s
step  31600/60000 | total 0.5961 | post 0.5830 | det 0.0131 | 5444 lc/s | wait 5% | eta 22m15s
step  31700/60000 | total 0.5526 | post 0.5234 | det 0.0292 | 5560 lc/s | wait 5% | eta 21m43s
step  31800/60000 | total 0.7133 | post 0.6899 | det 0.0234 | 5711 lc/s | wait 5% | eta 21m04s
step  31900/60000 | total 0.7794 | post 0.7663 | det 0.0130 | 5501 lc/s | wait 5% | eta 21m47s
  [val] post 0.6965 det 0.0665 acc 0.976 auc 0.997
step  32000/60000 | total 0.6037 | post 0.5943 | det 0.0094 | 299 lc/s | wait 0% | eta 6h39m17s
step  32100/60000 | total 0.7011 | post 0.6653 | det 0.0359 | 5635 lc/s | wait 5% | eta 21m07s
step  32200/60000 | total 0.6554 | post 0.6428 | det 0.0126 | 5600 lc/s | wait 5% | eta 21m10s
step  32300/60000 | total 0.6966 | post 0.6808 | det 0.0157 | 5651 lc/s | wait 5% | eta 20m54s
step  32400/60000 | total 0.6218 | post 0.6087 | det 0.0131 | 5559 lc/s | wait 5% | eta 21m11s
step  32500/60000 | total 0.6483 | post 0.6331 | det 0.0153 | 5591 lc/s | wait 5% | eta 20m59s
step  32600/60000 | total 0.6257 | post 0.6124 | det 0.0133 | 5699 lc/s | wait 5% | eta 20m30s
step  32700/60000 | total 0.5927 | post 0.5817 | det 0.0110 | 5603 lc/s | wait 5% | eta 20m47s
step  32800/60000 | total 0.7020 | post 0.6599 | det 0.0421 | 5595 lc/s | wait 5% | eta 20m44s
step  32900/60000 | total 0.6636 | post 0.6484 | det 0.0152 | 5561 lc/s | wait 5% | eta 20m47s
step  33000/60000 | total 0.6214 | post 0.6117 | det 0.0097 | 5585 lc/s | wait 5% | eta 20m37s
step  33100/60000 | total 0.6098 | post 0.6025 | det 0.0073 | 5596 lc/s | wait 5% | eta 20m30s
step  33200/60000 | total 0.7091 | post 0.6992 | det 0.0099 | 5634 lc/s | wait 5% | eta 20m17s
step  33300/60000 | total 0.6369 | post 0.6100 | det 0.0269 | 5532 lc/s | wait 5% | eta 20m35s
step  33400/60000 | total 0.7338 | post 0.7163 | det 0.0175 | 5488 lc/s | wait 5% | eta 20m40s
step  33500/60000 | total 0.6461 | post 0.6279 | det 0.0181 | 5570 lc/s | wait 5% | eta 20m18s
step  33600/60000 | total 0.5115 | post 0.4954 | det 0.0160 | 5769 lc/s | wait 5% | eta 19m31s
step  33700/60000 | total 0.6291 | post 0.5922 | det 0.0368 | 5511 lc/s | wait 5% | eta 20m21s
step  33800/60000 | total 0.6781 | post 0.6570 | det 0.0211 | 5737 lc/s | wait 5% | eta 19m29s
step  33900/60000 | total 0.6482 | post 0.6349 | det 0.0133 | 5588 lc/s | wait 5% | eta 19m55s
  [val] post 0.7120 det 0.0788 acc 0.975 auc 0.996
step  34000/60000 | total 0.6935 | post 0.6620 | det 0.0315 | 300 lc/s | wait 0% | eta 6h09m47s
step  34100/60000 | total 0.6360 | post 0.6101 | det 0.0259 | 5587 lc/s | wait 5% | eta 19m46s
step  34200/60000 | total 0.7127 | post 0.6876 | det 0.0250 | 5501 lc/s | wait 5% | eta 20m00s
step  34300/60000 | total 0.6804 | post 0.6598 | det 0.0207 | 5513 lc/s | wait 5% | eta 19m53s
step  34400/60000 | total 0.6169 | post 0.6057 | det 0.0113 | 5621 lc/s | wait 5% | eta 19m25s
step  34500/60000 | total 0.6882 | post 0.6630 | det 0.0252 | 5537 lc/s | wait 5% | eta 19m38s
step  34600/60000 | total 0.6990 | post 0.6663 | det 0.0328 | 5691 lc/s | wait 5% | eta 19m02s
step  34700/60000 | total 0.6939 | post 0.6766 | det 0.0173 | 5658 lc/s | wait 5% | eta 19m04s
step  34800/60000 | total 0.6170 | post 0.5919 | det 0.0251 | 5616 lc/s | wait 5% | eta 19m08s
step  34900/60000 | total 0.6891 | post 0.6416 | det 0.0474 | 5652 lc/s | wait 5% | eta 18m56s
step  35000/60000 | total 0.6700 | post 0.6372 | det 0.0328 | 5589 lc/s | wait 5% | eta 19m05s
step  35100/60000 | total 0.7462 | post 0.7376 | det 0.0086 | 5519 lc/s | wait 5% | eta 19m14s
step  35200/60000 | total 0.5849 | post 0.5746 | det 0.0103 | 5628 lc/s | wait 6% | eta 18m48s
step  35300/60000 | total 0.6945 | post 0.6838 | det 0.0108 | 5752 lc/s | wait 5% | eta 18m19s
step  35400/60000 | total 0.6761 | post 0.6393 | det 0.0368 | 5414 lc/s | wait 5% | eta 19m23s
step  35500/60000 | total 0.6737 | post 0.6669 | det 0.0068 | 5504 lc/s | wait 5% | eta 18m59s
step  35600/60000 | total 0.6292 | post 0.5968 | det 0.0324 | 5696 lc/s | wait 5% | eta 18m16s
step  35700/60000 | total 0.6048 | post 0.5839 | det 0.0209 | 5517 lc/s | wait 5% | eta 18m47s
step  35800/60000 | total 0.6656 | post 0.6611 | det 0.0045 | 5664 lc/s | wait 5% | eta 18m13s
step  35900/60000 | total 0.5668 | post 0.5570 | det 0.0098 | 5483 lc/s | wait 5% | eta 18m45s
  [val] post 0.7108 det 0.0727 acc 0.975 auc 0.997
step  36000/60000 | total 0.5567 | post 0.5512 | det 0.0055 | 301 lc/s | wait 0% | eta 5h40m01s
step  36100/60000 | total 0.7506 | post 0.7333 | det 0.0174 | 5741 lc/s | wait 6% | eta 17m45s
step  36200/60000 | total 0.6590 | post 0.6254 | det 0.0336 | 5766 lc/s | wait 5% | eta 17m36s
step  36300/60000 | total 0.6296 | post 0.6193 | det 0.0103 | 5646 lc/s | wait 5% | eta 17m54s
step  36400/60000 | total 0.6196 | post 0.5975 | det 0.0221 | 5523 lc/s | wait 5% | eta 18m13s
step  36500/60000 | total 0.5597 | post 0.5523 | det 0.0073 | 5654 lc/s | wait 5% | eta 17m44s
step  36600/60000 | total 0.6666 | post 0.6620 | det 0.0046 | 5611 lc/s | wait 5% | eta 17m47s
step  36700/60000 | total 0.5898 | post 0.5668 | det 0.0230 | 5686 lc/s | wait 5% | eta 17m29s
step  36800/60000 | total 0.6100 | post 0.5834 | det 0.0266 | 5720 lc/s | wait 5% | eta 17m18s
step  36900/60000 | total 0.5768 | post 0.5668 | det 0.0099 | 5585 lc/s | wait 5% | eta 17m38s
step  37000/60000 | total 0.6699 | post 0.6508 | det 0.0191 | 5595 lc/s | wait 5% | eta 17m32s
step  37100/60000 | total 0.6145 | post 0.6042 | det 0.0102 | 5671 lc/s | wait 5% | eta 17m13s
step  37200/60000 | total 0.6346 | post 0.6309 | det 0.0036 | 5560 lc/s | wait 5% | eta 17m29s
step  37300/60000 | total 0.7035 | post 0.6771 | det 0.0264 | 5569 lc/s | wait 5% | eta 17m23s
step  37400/60000 | total 0.6442 | post 0.6107 | det 0.0335 | 5541 lc/s | wait 5% | eta 17m24s
step  37500/60000 | total 0.7025 | post 0.6879 | det 0.0146 | 5712 lc/s | wait 5% | eta 16m48s
step  37600/60000 | total 0.6641 | post 0.6525 | det 0.0116 | 5649 lc/s | wait 5% | eta 16m55s
step  37700/60000 | total 0.7035 | post 0.6729 | det 0.0307 | 5488 lc/s | wait 5% | eta 17m20s
step  37800/60000 | total 0.6440 | post 0.6401 | det 0.0039 | 5680 lc/s | wait 5% | eta 16m40s
step  37900/60000 | total 0.5926 | post 0.5808 | det 0.0118 | 5644 lc/s | wait 5% | eta 16m42s
  [val] post 0.7558 det 0.0733 acc 0.974 auc 0.997
step  38000/60000 | total 0.5919 | post 0.5615 | det 0.0304 | 302 lc/s | wait 0% | eta 5h10m48s
step  38100/60000 | total 0.6167 | post 0.5973 | det 0.0194 | 5650 lc/s | wait 5% | eta 16m32s
step  38200/60000 | total 0.5717 | post 0.5489 | det 0.0227 | 5443 lc/s | wait 5% | eta 17m05s
step  38300/60000 | total 0.6395 | post 0.6324 | det 0.0070 | 5656 lc/s | wait 5% | eta 16m22s
step  38400/60000 | total 0.7615 | post 0.7015 | det 0.0599 | 5795 lc/s | wait 5% | eta 15m54s
step  38500/60000 | total 0.6335 | post 0.6181 | det 0.0154 | 5984 lc/s | wait 5% | eta 15m19s
step  38600/60000 | total 0.6544 | post 0.6322 | det 0.0223 | 5692 lc/s | wait 5% | eta 16m02s
step  38700/60000 | total 0.6003 | post 0.5872 | det 0.0131 | 5822 lc/s | wait 5% | eta 15m36s
step  38800/60000 | total 0.6485 | post 0.6395 | det 0.0090 | 5748 lc/s | wait 5% | eta 15m44s
step  38900/60000 | total 0.7323 | post 0.7245 | det 0.0077 | 5673 lc/s | wait 5% | eta 15m52s
step  39000/60000 | total 0.5662 | post 0.5644 | det 0.0018 | 5485 lc/s | wait 5% | eta 16m20s
step  39100/60000 | total 0.6549 | post 0.6367 | det 0.0182 | 5681 lc/s | wait 5% | eta 15m41s
step  39200/60000 | total 0.6183 | post 0.6132 | det 0.0052 | 5699 lc/s | wait 5% | eta 15m34s
step  39300/60000 | total 0.5932 | post 0.5924 | det 0.0008 | 6011 lc/s | wait 5% | eta 14m41s
step  39400/60000 | total 0.6906 | post 0.6655 | det 0.0251 | 5730 lc/s | wait 5% | eta 15m20s
step  39500/60000 | total 0.6110 | post 0.6052 | det 0.0059 | 5876 lc/s | wait 5% | eta 14m53s
step  39600/60000 | total 0.6042 | post 0.5982 | det 0.0059 | 5967 lc/s | wait 5% | eta 14m35s
step  39700/60000 | total 0.6718 | post 0.6643 | det 0.0075 | 5927 lc/s | wait 5% | eta 14m36s
step  39800/60000 | total 0.5977 | post 0.5644 | det 0.0333 | 5905 lc/s | wait 5% | eta 14m35s
step  39900/60000 | total 0.5808 | post 0.5778 | det 0.0030 | 6157 lc/s | wait 5% | eta 13m55s
  [val] post 0.6853 det 0.0843 acc 0.975 auc 0.996
step  40000/60000 | total 0.6627 | post 0.6414 | det 0.0214 | 301 lc/s | wait 0% | eta 4h43m22s
step  40100/60000 | total 0.5287 | post 0.5244 | det 0.0043 | 6012 lc/s | wait 5% | eta 14m07s
step  40200/60000 | total 0.6131 | post 0.6023 | det 0.0108 | 6079 lc/s | wait 5% | eta 13m53s
step  40300/60000 | total 0.7085 | post 0.7034 | det 0.0051 | 6401 lc/s | wait 6% | eta 13m07s
step  40400/60000 | total 0.6491 | post 0.6423 | det 0.0067 | 5848 lc/s | wait 5% | eta 14m17s
step  40500/60000 | total 0.6069 | post 0.6038 | det 0.0032 | 5513 lc/s | wait 5% | eta 15m05s
step  40600/60000 | total 0.6508 | post 0.6396 | det 0.0112 | 5611 lc/s | wait 5% | eta 14m45s
step  40700/60000 | total 0.6352 | post 0.6285 | det 0.0067 | 5741 lc/s | wait 5% | eta 14m20s
step  40800/60000 | total 0.6042 | post 0.5831 | det 0.0211 | 5431 lc/s | wait 5% | eta 15m05s
step  40900/60000 | total 0.5612 | post 0.5530 | det 0.0082 | 5553 lc/s | wait 5% | eta 14m40s
step  41000/60000 | total 0.7152 | post 0.6976 | det 0.0176 | 5537 lc/s | wait 5% | eta 14m38s
step  41100/60000 | total 0.6620 | post 0.6411 | det 0.0210 | 5733 lc/s | wait 5% | eta 14m03s
step  41200/60000 | total 0.6733 | post 0.6684 | det 0.0049 | 5736 lc/s | wait 5% | eta 13m58s
step  41300/60000 | total 0.6185 | post 0.5910 | det 0.0275 | 5703 lc/s | wait 5% | eta 13m59s
step  41400/60000 | total 0.5852 | post 0.5669 | det 0.0183 | 5664 lc/s | wait 5% | eta 14m00s
step  41500/60000 | total 0.7402 | post 0.7285 | det 0.0117 | 5781 lc/s | wait 5% | eta 13m39s
step  41600/60000 | total 0.5649 | post 0.5619 | det 0.0030 | 5936 lc/s | wait 5% | eta 13m13s
step  41700/60000 | total 0.6638 | post 0.6590 | det 0.0048 | 6238 lc/s | wait 6% | eta 12m30s
step  41800/60000 | total 0.6291 | post 0.6132 | det 0.0158 | 5868 lc/s | wait 5% | eta 13m13s
step  41900/60000 | total 0.5882 | post 0.5676 | det 0.0206 | 6168 lc/s | wait 5% | eta 12m31s
  [val] post 0.7037 det 0.1055 acc 0.966 auc 0.996
step  42000/60000 | total 0.6489 | post 0.6237 | det 0.0252 | 301 lc/s | wait 0% | eta 4h14m57s
step  42100/60000 | total 0.7118 | post 0.6760 | det 0.0358 | 5803 lc/s | wait 5% | eta 13m09s
step  42200/60000 | total 0.6645 | post 0.6463 | det 0.0182 | 5877 lc/s | wait 5% | eta 12m55s
step  42300/60000 | total 0.5847 | post 0.5633 | det 0.0214 | 5988 lc/s | wait 5% | eta 12m36s
step  42400/60000 | total 0.6121 | post 0.6037 | det 0.0084 | 6451 lc/s | wait 6% | eta 11m38s
step  42500/60000 | total 0.6299 | post 0.6149 | det 0.0150 | 6068 lc/s | wait 6% | eta 12m18s
step  42600/60000 | total 0.5951 | post 0.5735 | det 0.0216 | 6066 lc/s | wait 6% | eta 12m14s
step  42700/60000 | total 0.6141 | post 0.6059 | det 0.0081 | 6361 lc/s | wait 6% | eta 11m36s
step  42800/60000 | total 0.6873 | post 0.6863 | det 0.0010 | 5959 lc/s | wait 5% | eta 12m18s
step  42900/60000 | total 0.6781 | post 0.6564 | det 0.0217 | 6357 lc/s | wait 6% | eta 11m28s
step  43000/60000 | total 0.6406 | post 0.6378 | det 0.0028 | 6021 lc/s | wait 6% | eta 12m02s
step  43100/60000 | total 0.6515 | post 0.6442 | det 0.0074 | 5769 lc/s | wait 5% | eta 12m29s
step  43200/60000 | total 0.6767 | post 0.6727 | det 0.0040 | 5613 lc/s | wait 5% | eta 12m46s
step  43300/60000 | total 0.6773 | post 0.6760 | det 0.0013 | 5652 lc/s | wait 5% | eta 12m36s
step  43400/60000 | total 0.6298 | post 0.6164 | det 0.0133 | 5624 lc/s | wait 5% | eta 12m35s
step  43500/60000 | total 0.6238 | post 0.6180 | det 0.0057 | 5607 lc/s | wait 5% | eta 12m33s
step  43600/60000 | total 0.6073 | post 0.6045 | det 0.0029 | 5499 lc/s | wait 5% | eta 12m43s
step  43700/60000 | total 0.6389 | post 0.6335 | det 0.0054 | 5573 lc/s | wait 5% | eta 12m28s
step  43800/60000 | total 0.6918 | post 0.6877 | det 0.0041 | 5660 lc/s | wait 5% | eta 12m12s
step  43900/60000 | total 0.5850 | post 0.5817 | det 0.0033 | 5558 lc/s | wait 5% | eta 12m21s
  [val] post 0.7263 det 0.0787 acc 0.976 auc 0.997
step  44000/60000 | total 0.5880 | post 0.5576 | det 0.0304 | 304 lc/s | wait 0% | eta 3h44m54s
step  44100/60000 | total 0.6401 | post 0.6341 | det 0.0061 | 5717 lc/s | wait 5% | eta 11m52s
step  44200/60000 | total 0.5774 | post 0.5650 | det 0.0124 | 5578 lc/s | wait 5% | eta 12m05s
step  44300/60000 | total 0.6458 | post 0.6212 | det 0.0245 | 5501 lc/s | wait 5% | eta 12m10s
step  44400/60000 | total 0.6433 | post 0.6151 | det 0.0283 | 5537 lc/s | wait 5% | eta 12m01s
step  44500/60000 | total 0.7938 | post 0.7699 | det 0.0239 | 5704 lc/s | wait 5% | eta 11m35s
step  44600/60000 | total 0.5815 | post 0.5717 | det 0.0098 | 5544 lc/s | wait 5% | eta 11m51s
step  44700/60000 | total 0.5671 | post 0.5461 | det 0.0210 | 5748 lc/s | wait 5% | eta 11m21s
step  44800/60000 | total 0.7064 | post 0.6948 | det 0.0116 | 5822 lc/s | wait 6% | eta 11m08s
step  44900/60000 | total 0.6538 | post 0.6411 | det 0.0127 | 5607 lc/s | wait 5% | eta 11m29s
step  45000/60000 | total 0.6148 | post 0.6114 | det 0.0034 | 5584 lc/s | wait 5% | eta 11m27s
step  45100/60000 | total 0.6670 | post 0.6574 | det 0.0096 | 5833 lc/s | wait 5% | eta 10m53s
step  45200/60000 | total 0.6023 | post 0.5823 | det 0.0200 | 5588 lc/s | wait 5% | eta 11m18s
step  45300/60000 | total 0.6241 | post 0.6133 | det 0.0108 | 5576 lc/s | wait 5% | eta 11m14s
step  45400/60000 | total 0.6152 | post 0.6025 | det 0.0126 | 5648 lc/s | wait 5% | eta 11m01s
step  45500/60000 | total 0.6345 | post 0.6270 | det 0.0076 | 5412 lc/s | wait 5% | eta 11m25s
step  45600/60000 | total 0.5557 | post 0.5534 | det 0.0023 | 5571 lc/s | wait 5% | eta 11m01s
step  45700/60000 | total 0.6415 | post 0.6294 | det 0.0121 | 5577 lc/s | wait 5% | eta 10m56s
step  45800/60000 | total 0.6479 | post 0.6415 | det 0.0065 | 5673 lc/s | wait 5% | eta 10m40s
step  45900/60000 | total 0.5966 | post 0.5722 | det 0.0244 | 5499 lc/s | wait 5% | eta 10m56s
  [val] post 0.7414 det 0.0797 acc 0.970 auc 0.997
step  46000/60000 | total 0.6600 | post 0.6586 | det 0.0015 | 305 lc/s | wait 0% | eta 3h16m07s
step  46100/60000 | total 0.5613 | post 0.5537 | det 0.0075 | 6161 lc/s | wait 6% | eta 9m37s
step  46200/60000 | total 0.7381 | post 0.7300 | det 0.0081 | 5713 lc/s | wait 5% | eta 10m18s
step  46300/60000 | total 0.5986 | post 0.5895 | det 0.0091 | 5626 lc/s | wait 5% | eta 10m23s
step  46400/60000 | total 0.4985 | post 0.4925 | det 0.0060 | 5681 lc/s | wait 5% | eta 10m12s
step  46500/60000 | total 0.6691 | post 0.6454 | det 0.0236 | 5509 lc/s | wait 5% | eta 10m27s
step  46600/60000 | total 0.5781 | post 0.5737 | det 0.0044 | 5616 lc/s | wait 5% | eta 10m10s
step  46700/60000 | total 0.6962 | post 0.6890 | det 0.0073 | 5538 lc/s | wait 5% | eta 10m14s
step  46800/60000 | total 0.4907 | post 0.4868 | det 0.0039 | 5575 lc/s | wait 5% | eta 10m06s
step  46900/60000 | total 0.6077 | post 0.6029 | det 0.0048 | 5743 lc/s | wait 6% | eta 9m43s
step  47000/60000 | total 0.6044 | post 0.5964 | det 0.0079 | 5741 lc/s | wait 5% | eta 9m39s
step  47100/60000 | total 0.6530 | post 0.6430 | det 0.0099 | 5668 lc/s | wait 5% | eta 9m42s
step  47200/60000 | total 0.5936 | post 0.5902 | det 0.0034 | 5780 lc/s | wait 5% | eta 9m26s
step  47300/60000 | total 0.6191 | post 0.6150 | det 0.0041 | 5547 lc/s | wait 5% | eta 9m46s
step  47400/60000 | total 0.5726 | post 0.5711 | det 0.0015 | 5712 lc/s | wait 5% | eta 9m24s
step  47500/60000 | total 0.6125 | post 0.6059 | det 0.0066 | 5721 lc/s | wait 5% | eta 9m19s
step  47600/60000 | total 0.5255 | post 0.5167 | det 0.0088 | 5751 lc/s | wait 5% | eta 9m11s
step  47700/60000 | total 0.6523 | post 0.6364 | det 0.0159 | 5622 lc/s | wait 5% | eta 9m20s
step  47800/60000 | total 0.5952 | post 0.5769 | det 0.0183 | 5469 lc/s | wait 5% | eta 9m31s
step  47900/60000 | total 0.6704 | post 0.6649 | det 0.0054 | 5602 lc/s | wait 5% | eta 9m12s
  [val] post 0.7097 det 0.1040 acc 0.968 auc 0.996
step  48000/60000 | total 0.6037 | post 0.5851 | det 0.0186 | 308 lc/s | wait 0% | eta 2h46m07s
step  48100/60000 | total 0.5417 | post 0.5379 | det 0.0038 | 5572 lc/s | wait 5% | eta 9m06s
step  48200/60000 | total 0.5219 | post 0.4959 | det 0.0260 | 5616 lc/s | wait 5% | eta 8m57s
step  48300/60000 | total 0.6760 | post 0.6552 | det 0.0208 | 6032 lc/s | wait 5% | eta 8m16s
step  48400/60000 | total 0.5824 | post 0.5660 | det 0.0163 | 6438 lc/s | wait 6% | eta 7m41s
step  48500/60000 | total 0.5448 | post 0.5398 | det 0.0049 | 6466 lc/s | wait 6% | eta 7m35s
step  48600/60000 | total 0.6682 | post 0.6562 | det 0.0120 | 5815 lc/s | wait 5% | eta 8m21s
step  48700/60000 | total 0.6019 | post 0.5927 | det 0.0092 | 5450 lc/s | wait 5% | eta 8m50s
step  48800/60000 | total 0.5604 | post 0.5438 | det 0.0166 | 5684 lc/s | wait 5% | eta 8m24s
step  48900/60000 | total 0.5429 | post 0.5368 | det 0.0061 | 5833 lc/s | wait 5% | eta 8m07s
step  49000/60000 | total 0.6170 | post 0.6120 | det 0.0050 | 5655 lc/s | wait 5% | eta 8m17s
step  49100/60000 | total 0.6863 | post 0.6841 | det 0.0022 | 5553 lc/s | wait 5% | eta 8m22s
step  49200/60000 | total 0.5862 | post 0.5749 | det 0.0112 | 5618 lc/s | wait 5% | eta 8m12s
step  49300/60000 | total 0.7260 | post 0.7072 | det 0.0188 | 5665 lc/s | wait 5% | eta 8m03s
step  49400/60000 | total 0.6209 | post 0.6178 | det 0.0031 | 5565 lc/s | wait 5% | eta 8m07s
step  49500/60000 | total 0.5464 | post 0.5456 | det 0.0009 | 5685 lc/s | wait 5% | eta 7m52s
step  49600/60000 | total 0.6980 | post 0.6802 | det 0.0178 | 5853 lc/s | wait 5% | eta 7m34s
step  49700/60000 | total 0.5494 | post 0.5392 | det 0.0102 | 5705 lc/s | wait 5% | eta 7m42s
step  49800/60000 | total 0.6422 | post 0.6380 | det 0.0042 | 5699 lc/s | wait 5% | eta 7m38s
step  49900/60000 | total 0.6211 | post 0.6129 | det 0.0081 | 5760 lc/s | wait 5% | eta 7m28s
  [val] post 0.7206 det 0.1009 acc 0.969 auc 0.996
step  50000/60000 | total 0.5904 | post 0.5870 | det 0.0034 | 299 lc/s | wait 0% | eta 2h22m36s
step  50100/60000 | total 0.6291 | post 0.6223 | det 0.0069 | 5805 lc/s | wait 6% | eta 7m16s
step  50200/60000 | total 0.4991 | post 0.4919 | det 0.0072 | 5652 lc/s | wait 5% | eta 7m23s
step  50300/60000 | total 0.6830 | post 0.6777 | det 0.0053 | 5371 lc/s | wait 5% | eta 7m42s
step  50400/60000 | total 0.6102 | post 0.6059 | det 0.0043 | 5742 lc/s | wait 5% | eta 7m08s
step  50500/60000 | total 0.5937 | post 0.5855 | det 0.0082 | 5456 lc/s | wait 5% | eta 7m25s
step  50600/60000 | total 0.6761 | post 0.6744 | det 0.0017 | 5703 lc/s | wait 5% | eta 7m01s
step  50700/60000 | total 0.5375 | post 0.5343 | det 0.0032 | 5608 lc/s | wait 5% | eta 7m04s
step  50800/60000 | total 0.6882 | post 0.6775 | det 0.0107 | 5507 lc/s | wait 6% | eta 7m07s
step  50900/60000 | total 0.6590 | post 0.6571 | det 0.0019 | 5635 lc/s | wait 5% | eta 6m53s
step  51000/60000 | total 0.5318 | post 0.5264 | det 0.0054 | 5515 lc/s | wait 5% | eta 6m57s
step  51100/60000 | total 0.6624 | post 0.6517 | det 0.0106 | 5626 lc/s | wait 5% | eta 6m44s
step  51200/60000 | total 0.5882 | post 0.5850 | det 0.0032 | 5788 lc/s | wait 5% | eta 6m29s
step  51300/60000 | total 0.6809 | post 0.6502 | det 0.0307 | 5439 lc/s | wait 5% | eta 6m49s
step  51400/60000 | total 0.5457 | post 0.5274 | det 0.0182 | 5513 lc/s | wait 5% | eta 6m39s
step  51500/60000 | total 0.6676 | post 0.6655 | det 0.0021 | 5622 lc/s | wait 5% | eta 6m27s
step  51600/60000 | total 0.5561 | post 0.5458 | det 0.0103 | 5696 lc/s | wait 5% | eta 6m17s
step  51700/60000 | total 0.6491 | post 0.6418 | det 0.0072 | 5749 lc/s | wait 5% | eta 6m09s
step  51800/60000 | total 0.5041 | post 0.4998 | det 0.0042 | 5608 lc/s | wait 6% | eta 6m14s
step  51900/60000 | total 0.6333 | post 0.6304 | det 0.0029 | 5633 lc/s | wait 5% | eta 6m08s
  [val] post 0.6990 det 0.1191 acc 0.967 auc 0.996
step  52000/60000 | total 0.6969 | post 0.6915 | det 0.0053 | 305 lc/s | wait 0% | eta 1h51m49s
step  52100/60000 | total 0.6217 | post 0.6209 | det 0.0008 | 5624 lc/s | wait 5% | eta 5m59s
step  52200/60000 | total 0.6549 | post 0.6530 | det 0.0019 | 5801 lc/s | wait 5% | eta 5m44s
step  52300/60000 | total 0.6229 | post 0.6202 | det 0.0027 | 5401 lc/s | wait 5% | eta 6m04s
step  52400/60000 | total 0.6547 | post 0.6445 | det 0.0102 | 5597 lc/s | wait 5% | eta 5m47s
step  52500/60000 | total 0.6263 | post 0.6178 | det 0.0084 | 5518 lc/s | wait 5% | eta 5m47s
step  52600/60000 | total 0.6379 | post 0.6144 | det 0.0235 | 5609 lc/s | wait 5% | eta 5m37s
step  52700/60000 | total 0.5531 | post 0.5516 | det 0.0015 | 5667 lc/s | wait 5% | eta 5m29s
step  52800/60000 | total 0.6469 | post 0.6417 | det 0.0052 | 5407 lc/s | wait 5% | eta 5m40s
step  52900/60000 | total 0.6022 | post 0.5911 | det 0.0111 | 5606 lc/s | wait 5% | eta 5m24s
step  53000/60000 | total 0.6115 | post 0.6080 | det 0.0035 | 5748 lc/s | wait 5% | eta 5m11s
step  53100/60000 | total 0.5876 | post 0.5800 | det 0.0077 | 5568 lc/s | wait 5% | eta 5m17s
step  53200/60000 | total 0.6483 | post 0.6424 | det 0.0059 | 5576 lc/s | wait 5% | eta 5m12s
step  53300/60000 | total 0.6135 | post 0.6063 | det 0.0072 | 5547 lc/s | wait 5% | eta 5m09s
step  53400/60000 | total 0.6938 | post 0.6761 | det 0.0177 | 5548 lc/s | wait 5% | eta 5m04s
step  53500/60000 | total 0.6148 | post 0.5960 | det 0.0188 | 5489 lc/s | wait 5% | eta 5m03s
step  53600/60000 | total 0.5725 | post 0.5708 | det 0.0017 | 5580 lc/s | wait 5% | eta 4m53s
step  53700/60000 | total 0.5214 | post 0.5173 | det 0.0041 | 5645 lc/s | wait 5% | eta 4m45s
step  53800/60000 | total 0.6087 | post 0.5992 | det 0.0095 | 5716 lc/s | wait 5% | eta 4m37s
step  53900/60000 | total 0.6412 | post 0.6052 | det 0.0361 | 5683 lc/s | wait 5% | eta 4m34s
  [val] post 0.6787 det 0.1111 acc 0.968 auc 0.996
step  54000/60000 | total 0.5464 | post 0.5440 | det 0.0024 | 311 lc/s | wait 0% | eta 1h22m17s
step  54100/60000 | total 0.5947 | post 0.5920 | det 0.0027 | 5527 lc/s | wait 5% | eta 4m33s
step  54200/60000 | total 0.5198 | post 0.5134 | det 0.0064 | 5524 lc/s | wait 5% | eta 4m28s
step  54300/60000 | total 0.6549 | post 0.6517 | det 0.0032 | 5832 lc/s | wait 5% | eta 4m10s
step  54400/60000 | total 0.6071 | post 0.6055 | det 0.0016 | 5779 lc/s | wait 5% | eta 4m08s
step  54500/60000 | total 0.5963 | post 0.5793 | det 0.0170 | 5750 lc/s | wait 5% | eta 4m04s
step  54600/60000 | total 0.6327 | post 0.6321 | det 0.0006 | 5665 lc/s | wait 5% | eta 4m04s
step  54700/60000 | total 0.6098 | post 0.6003 | det 0.0095 | 5751 lc/s | wait 5% | eta 3m55s
step  54800/60000 | total 0.5976 | post 0.5959 | det 0.0017 | 5476 lc/s | wait 5% | eta 4m03s
step  54900/60000 | total 0.6071 | post 0.6065 | det 0.0006 | 5653 lc/s | wait 5% | eta 3m50s
step  55000/60000 | total 0.5485 | post 0.5467 | det 0.0018 | 5618 lc/s | wait 5% | eta 3m47s
step  55100/60000 | total 0.5199 | post 0.5188 | det 0.0011 | 5634 lc/s | wait 5% | eta 3m42s
step  55200/60000 | total 0.6040 | post 0.5943 | det 0.0097 | 5763 lc/s | wait 5% | eta 3m33s
step  55300/60000 | total 0.5872 | post 0.5814 | det 0.0058 | 5614 lc/s | wait 5% | eta 3m34s
step  55400/60000 | total 0.4924 | post 0.4902 | det 0.0022 | 5580 lc/s | wait 5% | eta 3m31s
step  55500/60000 | total 0.7440 | post 0.7205 | det 0.0235 | 5551 lc/s | wait 5% | eta 3m27s
step  55600/60000 | total 0.5217 | post 0.5156 | det 0.0061 | 5612 lc/s | wait 5% | eta 3m20s
step  55700/60000 | total 0.5991 | post 0.5952 | det 0.0039 | 5657 lc/s | wait 5% | eta 3m14s
step  55800/60000 | total 0.6157 | post 0.6145 | det 0.0011 | 5440 lc/s | wait 5% | eta 3m17s
step  55900/60000 | total 0.7129 | post 0.7001 | det 0.0128 | 5690 lc/s | wait 5% | eta 3m04s
  [val] post 0.6700 det 0.0893 acc 0.975 auc 0.996
step  56000/60000 | total 0.6657 | post 0.6642 | det 0.0015 | 312 lc/s | wait 0% | eta 54m40s
step  56100/60000 | total 0.6070 | post 0.6044 | det 0.0026 | 5366 lc/s | wait 5% | eta 3m06s
step  56200/60000 | total 0.6128 | post 0.6112 | det 0.0017 | 5500 lc/s | wait 5% | eta 2m56s
step  56300/60000 | total 0.5145 | post 0.5126 | det 0.0018 | 5553 lc/s | wait 5% | eta 2m50s
step  56400/60000 | total 0.5872 | post 0.5866 | det 0.0006 | 5584 lc/s | wait 5% | eta 2m45s
step  56500/60000 | total 0.6309 | post 0.6266 | det 0.0043 | 5648 lc/s | wait 5% | eta 2m38s
step  56600/60000 | total 0.5854 | post 0.5725 | det 0.0129 | 5575 lc/s | wait 5% | eta 2m36s
step  56700/60000 | total 0.6951 | post 0.6794 | det 0.0157 | 5648 lc/s | wait 5% | eta 2m29s
step  56800/60000 | total 0.5575 | post 0.5552 | det 0.0024 | 5659 lc/s | wait 5% | eta 2m24s
step  56900/60000 | total 0.5905 | post 0.5878 | det 0.0027 | 5651 lc/s | wait 5% | eta 2m20s
step  57000/60000 | total 0.5197 | post 0.5027 | det 0.0170 | 5630 lc/s | wait 5% | eta 2m16s
step  57100/60000 | total 0.6448 | post 0.6434 | det 0.0014 | 5526 lc/s | wait 5% | eta 2m14s
step  57200/60000 | total 0.5883 | post 0.5861 | det 0.0021 | 5614 lc/s | wait 5% | eta 2m07s
step  57300/60000 | total 0.5717 | post 0.5669 | det 0.0047 | 5757 lc/s | wait 5% | eta 2m00s
step  57400/60000 | total 0.5999 | post 0.5771 | det 0.0228 | 5597 lc/s | wait 5% | eta 1m58s
step  57500/60000 | total 0.5414 | post 0.5376 | det 0.0037 | 5854 lc/s | wait 5% | eta 1m49s
step  57600/60000 | total 0.7196 | post 0.6971 | det 0.0226 | 5481 lc/s | wait 5% | eta 1m52s
step  57700/60000 | total 0.5621 | post 0.5434 | det 0.0187 | 5558 lc/s | wait 5% | eta 1m45s
step  57800/60000 | total 0.5391 | post 0.5385 | det 0.0007 | 5734 lc/s | wait 5% | eta 1m38s
step  57900/60000 | total 0.6048 | post 0.5981 | det 0.0066 | 5542 lc/s | wait 5% | eta 1m37s
  [val] post 0.7069 det 0.1113 acc 0.968 auc 0.995
step  58000/60000 | total 0.7641 | post 0.7405 | det 0.0236 | 304 lc/s | wait 0% | eta 28m02s
step  58100/60000 | total 0.5133 | post 0.5043 | det 0.0090 | 5605 lc/s | wait 5% | eta 1m26s
step  58200/60000 | total 0.5503 | post 0.5433 | det 0.0070 | 5418 lc/s | wait 5% | eta 1m25s
step  58300/60000 | total 0.6562 | post 0.6500 | det 0.0062 | 5435 lc/s | wait 5% | eta 1m20s
step  58400/60000 | total 0.6944 | post 0.6895 | det 0.0050 | 5754 lc/s | wait 5% | eta 1m11s
step  58500/60000 | total 0.5280 | post 0.5239 | det 0.0041 | 5676 lc/s | wait 5% | eta 1m07s
step  58600/60000 | total 0.4944 | post 0.4816 | det 0.0127 | 5653 lc/s | wait 5% | eta 1m03s
step  58700/60000 | total 0.5120 | post 0.5107 | det 0.0013 | 5680 lc/s | wait 5% | eta 0m58s
step  58800/60000 | total 0.6256 | post 0.6210 | det 0.0046 | 5662 lc/s | wait 5% | eta 0m54s
step  58900/60000 | total 0.5347 | post 0.5317 | det 0.0030 | 5587 lc/s | wait 5% | eta 0m50s
step  59000/60000 | total 0.5926 | post 0.5920 | det 0.0006 | 5631 lc/s | wait 5% | eta 0m45s
step  59100/60000 | total 0.6686 | post 0.6651 | det 0.0035 | 5600 lc/s | wait 5% | eta 0m41s
step  59200/60000 | total 0.6099 | post 0.6058 | det 0.0041 | 5402 lc/s | wait 5% | eta 0m37s
step  59300/60000 | total 0.5641 | post 0.5633 | det 0.0008 | 5473 lc/s | wait 5% | eta 0m32s
step  59400/60000 | total 0.6547 | post 0.6424 | det 0.0123 | 5654 lc/s | wait 5% | eta 0m27s
step  59500/60000 | total 0.5501 | post 0.5238 | det 0.0263 | 5542 lc/s | wait 5% | eta 0m23s
step  59600/60000 | total 0.5856 | post 0.5812 | det 0.0043 | 5544 lc/s | wait 5% | eta 0m18s
step  59700/60000 | total 0.6707 | post 0.6680 | det 0.0027 | 5658 lc/s | wait 5% | eta 0m13s
step  59800/60000 | total 0.5467 | post 0.5455 | det 0.0011 | 5481 lc/s | wait 5% | eta 0m09s
step  59900/60000 | total 0.5059 | post 0.5032 | det 0.0027 | 5542 lc/s | wait 5% | eta 0m04s
  [val] post 0.6929 det 0.1110 acc 0.969 auc 0.996
done. checkpoints + logs in /dev/shm/tf_full_03cca0a_cpu23_20260703_072020_run
training complete. best val AUC: 0.9963 | run_dir: /dev/shm/tf_full_03cca0a_cpu23_20260703_072020_run
